Archive member included to satisfy reference by file (symbol)

c:/st/stm32cubeide_1.7.0/stm32cubeide/plugins/com.st.stm32cube.ide.mcu.externaltools.gnu-tools-for-stm32.9-2020-q2-update.win32_2.0.0.202105311346/tools/bin/../lib/gcc/arm-none-eabi/9.3.1/../../../../arm-none-eabi/lib/thumb/v7e-m+dp/hard\libc_nano.a(lib_a-errno.o)
                              ./Core/Src/syscalls.o (__errno)
c:/st/stm32cubeide_1.7.0/stm32cubeide/plugins/com.st.stm32cube.ide.mcu.externaltools.gnu-tools-for-stm32.9-2020-q2-update.win32_2.0.0.202105311346/tools/bin/../lib/gcc/arm-none-eabi/9.3.1/../../../../arm-none-eabi/lib/thumb/v7e-m+dp/hard\libc_nano.a(lib_a-exit.o)
                              c:/st/stm32cubeide_1.7.0/stm32cubeide/plugins/com.st.stm32cube.ide.mcu.externaltools.gnu-tools-for-stm32.9-2020-q2-update.win32_2.0.0.202105311346/tools/bin/../lib/gcc/arm-none-eabi/9.3.1/../../../../arm-none-eabi/lib/thumb/v7e-m+dp/hard/crt0.o (exit)
c:/st/stm32cubeide_1.7.0/stm32cubeide/plugins/com.st.stm32cube.ide.mcu.externaltools.gnu-tools-for-stm32.9-2020-q2-update.win32_2.0.0.202105311346/tools/bin/../lib/gcc/arm-none-eabi/9.3.1/../../../../arm-none-eabi/lib/thumb/v7e-m+dp/hard\libc_nano.a(lib_a-impure.o)
                              c:/st/stm32cubeide_1.7.0/stm32cubeide/plugins/com.st.stm32cube.ide.mcu.externaltools.gnu-tools-for-stm32.9-2020-q2-update.win32_2.0.0.202105311346/tools/bin/../lib/gcc/arm-none-eabi/9.3.1/../../../../arm-none-eabi/lib/thumb/v7e-m+dp/hard\libc_nano.a(lib_a-exit.o) (_global_impure_ptr)
c:/st/stm32cubeide_1.7.0/stm32cubeide/plugins/com.st.stm32cube.ide.mcu.externaltools.gnu-tools-for-stm32.9-2020-q2-update.win32_2.0.0.202105311346/tools/bin/../lib/gcc/arm-none-eabi/9.3.1/../../../../arm-none-eabi/lib/thumb/v7e-m+dp/hard\libc_nano.a(lib_a-init.o)
                              c:/st/stm32cubeide_1.7.0/stm32cubeide/plugins/com.st.stm32cube.ide.mcu.externaltools.gnu-tools-for-stm32.9-2020-q2-update.win32_2.0.0.202105311346/tools/bin/../lib/gcc/arm-none-eabi/9.3.1/../../../../arm-none-eabi/lib/thumb/v7e-m+dp/hard/crt0.o (__libc_init_array)
c:/st/stm32cubeide_1.7.0/stm32cubeide/plugins/com.st.stm32cube.ide.mcu.externaltools.gnu-tools-for-stm32.9-2020-q2-update.win32_2.0.0.202105311346/tools/bin/../lib/gcc/arm-none-eabi/9.3.1/../../../../arm-none-eabi/lib/thumb/v7e-m+dp/hard\libc_nano.a(lib_a-memcpy-stub.o)
                              ./ThirdParty/FreeRTOS/queue.o (memcpy)
c:/st/stm32cubeide_1.7.0/stm32cubeide/plugins/com.st.stm32cube.ide.mcu.externaltools.gnu-tools-for-stm32.9-2020-q2-update.win32_2.0.0.202105311346/tools/bin/../lib/gcc/arm-none-eabi/9.3.1/../../../../arm-none-eabi/lib/thumb/v7e-m+dp/hard\libc_nano.a(lib_a-memset.o)
                              c:/st/stm32cubeide_1.7.0/stm32cubeide/plugins/com.st.stm32cube.ide.mcu.externaltools.gnu-tools-for-stm32.9-2020-q2-update.win32_2.0.0.202105311346/tools/bin/../lib/gcc/arm-none-eabi/9.3.1/../../../../arm-none-eabi/lib/thumb/v7e-m+dp/hard/crt0.o (memset)
c:/st/stm32cubeide_1.7.0/stm32cubeide/plugins/com.st.stm32cube.ide.mcu.externaltools.gnu-tools-for-stm32.9-2020-q2-update.win32_2.0.0.202105311346/tools/bin/../lib/gcc/arm-none-eabi/9.3.1/../../../../arm-none-eabi/lib/thumb/v7e-m+dp/hard\libc_nano.a(lib_a-puts.o)
                              ./Core/Src/main.o (puts)
c:/st/stm32cubeide_1.7.0/stm32cubeide/plugins/com.st.stm32cube.ide.mcu.externaltools.gnu-tools-for-stm32.9-2020-q2-update.win32_2.0.0.202105311346/tools/bin/../lib/gcc/arm-none-eabi/9.3.1/../../../../arm-none-eabi/lib/thumb/v7e-m+dp/hard\libc_nano.a(lib_a-sprintf.o)
                              ./ThirdParty/FreeRTOS/tasks.o (sprintf)
c:/st/stm32cubeide_1.7.0/stm32cubeide/plugins/com.st.stm32cube.ide.mcu.externaltools.gnu-tools-for-stm32.9-2020-q2-update.win32_2.0.0.202105311346/tools/bin/../lib/gcc/arm-none-eabi/9.3.1/../../../../arm-none-eabi/lib/thumb/v7e-m+dp/hard\libc_nano.a(lib_a-strcpy.o)
                              ./ThirdParty/FreeRTOS/tasks.o (strcpy)
c:/st/stm32cubeide_1.7.0/stm32cubeide/plugins/com.st.stm32cube.ide.mcu.externaltools.gnu-tools-for-stm32.9-2020-q2-update.win32_2.0.0.202105311346/tools/bin/../lib/gcc/arm-none-eabi/9.3.1/../../../../arm-none-eabi/lib/thumb/v7e-m+dp/hard\libc_nano.a(lib_a-strlen.o)
                              ./ThirdParty/FreeRTOS/tasks.o (strlen)
c:/st/stm32cubeide_1.7.0/stm32cubeide/plugins/com.st.stm32cube.ide.mcu.externaltools.gnu-tools-for-stm32.9-2020-q2-update.win32_2.0.0.202105311346/tools/bin/../lib/gcc/arm-none-eabi/9.3.1/../../../../arm-none-eabi/lib/thumb/v7e-m+dp/hard\libc_nano.a(lib_a-wbuf.o)
                              c:/st/stm32cubeide_1.7.0/stm32cubeide/plugins/com.st.stm32cube.ide.mcu.externaltools.gnu-tools-for-stm32.9-2020-q2-update.win32_2.0.0.202105311346/tools/bin/../lib/gcc/arm-none-eabi/9.3.1/../../../../arm-none-eabi/lib/thumb/v7e-m+dp/hard\libc_nano.a(lib_a-puts.o) (__swbuf_r)
[...]
Memory Configuration

Name             Origin             Length             Attributes
RAM              0x0000000020000000 0x0000000000080000 xrw
FLASH            0x0000000008000000 0x0000000000200000 xr
*default*        0x0000000000000000 0xffffffffffffffff

Linker script and memory map

LOAD c:/st/stm32cubeide_1.7.0/stm32cubeide/plugins/com.st.stm32cube.ide.mcu.externaltools.gnu-tools-for-stm32.9-2020-q2-update.win32_2.0.0.202105311346/tools/bin/../lib/gcc/arm-none-eabi/9.3.1/thumb/v7e-m+dp/hard/crti.o
LOAD c:/st/stm32cubeide_1.7.0/stm32cubeide/plugins/com.st.stm32cube.ide.mcu.externaltools.gnu-tools-for-stm32.9-2020-q2-update.win32_2.0.0.202105311346/tools/bin/../lib/gcc/arm-none-eabi/9.3.1/thumb/v7e-m+dp/hard/crtbegin.o
LOAD c:/st/stm32cubeide_1.7.0/stm32cubeide/plugins/com.st.stm32cube.ide.mcu.externaltools.gnu-tools-for-stm32.9-2020-q2-update.win32_2.0.0.202105311346/tools/bin/../lib/gcc/arm-none-eabi/9.3.1/../../../../arm-none-eabi/lib/thumb/v7e-m+dp/hard/crt0.o
LOAD ./Core/Src/main.o
LOAD ./Core/Src/stm32f7xx_hal_msp.o
LOAD ./Core/Src/stm32f7xx_hal_timebase_tim.o
LOAD ./Core/Src/stm32f7xx_it.o
LOAD ./Core/Src/syscalls.o
LOAD ./Core/Src/system_stm32f7xx.o
LOAD ./Core/Startup/startup_stm32f767zitx.o
LOAD ./Drivers/STM32F7xx_HAL_Driver/Src/stm32f7xx_hal.o
LOAD ./Drivers/STM32F7xx_HAL_Driver/Src/stm32f7xx_hal_cortex.o
LOAD ./Drivers/STM32F7xx_HAL_Driver/Src/stm32f7xx_hal_dma.o
LOAD ./Drivers/STM32F7xx_HAL_Driver/Src/stm32f7xx_hal_dma_ex.o
LOAD ./Drivers/STM32F7xx_HAL_Driver/Src/stm32f7xx_hal_exti.o
LOAD ./Drivers/STM32F7xx_HAL_Driver/Src/stm32f7xx_hal_flash.o
LOAD ./Drivers/STM32F7xx_HAL_Driver/Src/stm32f7xx_hal_flash_ex.o
LOAD ./Drivers/STM32F7xx_HAL_Driver/Src/stm32f7xx_hal_gpio.o
LOAD ./Drivers/STM32F7xx_HAL_Driver/Src/stm32f7xx_hal_i2c.o
LOAD ./Drivers/STM32F7xx_HAL_Driver/Src/stm32f7xx_hal_i2c_ex.o
LOAD ./Drivers/STM32F7xx_HAL_Driver/Src/stm32f7xx_hal_pwr.o
LOAD ./Drivers/STM32F7xx_HAL_Driver/Src/stm32f7xx_hal_pwr_ex.o
LOAD ./Drivers/STM32F7xx_HAL_Driver/Src/stm32f7xx_hal_rcc.o
LOAD ./Drivers/STM32F7xx_HAL_Driver/Src/stm32f7xx_hal_rcc_ex.o
LOAD ./Drivers/STM32F7xx_HAL_Driver/Src/stm32f7xx_hal_tim.o
LOAD ./Drivers/STM32F7xx_HAL_Driver/Src/stm32f7xx_hal_tim_ex.o
LOAD ./ThirdParty/FreeRTOS/croutine.o
LOAD ./ThirdParty/FreeRTOS/event_groups.o
LOAD ./ThirdParty/FreeRTOS/list.o
LOAD ./ThirdParty/FreeRTOS/queue.o
LOAD ./ThirdParty/FreeRTOS/stream_buffer.o
LOAD ./ThirdParty/FreeRTOS/tasks.o
LOAD ./ThirdParty/FreeRTOS/timers.o
LOAD ./ThirdParty/FreeRTOS/portable/GCC/ARM_CM7/r0p1/port.o
LOAD ./ThirdParty/FreeRTOS/portable/MemMang/heap_4.o
START GROUP
LOAD c:/st/stm32cubeide_1.7.0/stm32cubeide/plugins/com.st.stm32cube.ide.mcu.externaltools.gnu-tools-for-stm32.9-2020-q2-update.win32_2.0.0.202105311346/tools/bin/../lib/gcc/arm-none-eabi/9.3.1/../../../../arm-none-eabi/lib/thumb/v7e-m+dp/hard\libc_nano.a
LOAD c:/st/stm32cubeide_1.7.0/stm32cubeide/plugins/com.st.stm32cube.ide.mcu.externaltools.gnu-tools-for-stm32.9-2020-q2-update.win32_2.0.0.202105311346/tools/bin/../lib/gcc/arm-none-eabi/9.3.1/../../../../arm-none-eabi/lib/thumb/v7e-m+dp/hard\libm.a
END GROUP
START GROUP
LOAD c:/st/stm32cubeide_1.7.0/stm32cubeide/plugins/com.st.stm32cube.ide.mcu.externaltools.gnu-tools-for-stm32.9-2020-q2-update.win32_2.0.0.202105311346/tools/bin/../lib/gcc/arm-none-eabi/9.3.1/thumb/v7e-m+dp/hard\libgcc.a
LOAD c:/st/stm32cubeide_1.7.0/stm32cubeide/plugins/com.st.stm32cube.ide.mcu.externaltools.gnu-tools-for-stm32.9-2020-q2-update.win32_2.0.0.202105311346/tools/bin/../lib/gcc/arm-none-eabi/9.3.1/../../../../arm-none-eabi/lib/thumb/v7e-m+dp/hard\libc_nano.a
END GROUP
START GROUP
LOAD c:/st/stm32cubeide_1.7.0/stm32cubeide/plugins/com.st.stm32cube.ide.mcu.externaltools.gnu-tools-for-stm32.9-2020-q2-update.win32_2.0.0.202105311346/tools/bin/../lib/gcc/arm-none-eabi/9.3.1/thumb/v7e-m+dp/hard\libgcc.a
LOAD c:/st/stm32cubeide_1.7.0/stm32cubeide/plugins/com.st.stm32cube.ide.mcu.externaltools.gnu-tools-for-stm32.9-2020-q2-update.win32_2.0.0.202105311346/tools/bin/../lib/gcc/arm-none-eabi/9.3.1/../../../../arm-none-eabi/lib/thumb/v7e-m+dp/hard\libc_nano.a
LOAD c:/st/stm32cubeide_1.7.0/stm32cubeide/plugins/com.st.stm32cube.ide.mcu.externaltools.gnu-tools-for-stm32.9-2020-q2-update.win32_2.0.0.202105311346/tools/bin/../lib/gcc/arm-none-eabi/9.3.1/../../../../arm-none-eabi/lib/thumb/v7e-m+dp/hard\libnosys.a
END GROUP
START GROUP
LOAD c:/st/stm32cubeide_1.7.0/stm32cubeide/plugins/com.st.stm32cube.ide.mcu.externaltools.gnu-tools-for-stm32.9-2020-q2-update.win32_2.0.0.202105311346/tools/bin/../lib/gcc/arm-none-eabi/9.3.1/thumb/v7e-m+dp/hard\libgcc.a
LOAD c:/st/stm32cubeide_1.7.0/stm32cubeide/plugins/com.st.stm32cube.ide.mcu.externaltools.gnu-tools-for-stm32.9-2020-q2-update.win32_2.0.0.202105311346/tools/bin/../lib/gcc/arm-none-eabi/9.3.1/../../../../arm-none-eabi/lib/thumb/v7e-m+dp/hard\libc_nano.a
LOAD c:/st/stm32cubeide_1.7.0/stm32cubeide/plugins/com.st.stm32cube.ide.mcu.externaltools.gnu-tools-for-stm32.9-2020-q2-update.win32_2.0.0.202105311346/tools/bin/../lib/gcc/arm-none-eabi/9.3.1/../../../../arm-none-eabi/lib/thumb/v7e-m+dp/hard\libnosys.a
END GROUP
LOAD c:/st/stm32cubeide_1.7.0/stm32cubeide/plugins/com.st.stm32cube.ide.mcu.externaltools.gnu-tools-for-stm32.9-2020-q2-update.win32_2.0.0.202105311346/tools/bin/../lib/gcc/arm-none-eabi/9.3.1/thumb/v7e-m+dp/hard/crtend.o
LOAD c:/st/stm32cubeide_1.7.0/stm32cubeide/plugins/com.st.stm32cube.ide.mcu.externaltools.gnu-tools-for-stm32.9-2020-q2-update.win32_2.0.0.202105311346/tools/bin/../lib/gcc/arm-none-eabi/9.3.1/thumb/v7e-m+dp/hard/crtn.o
                0x0000000020080000                _estack = (ORIGIN (RAM) + LENGTH (RAM))
                0x0000000000000200                _Min_Heap_Size = 0x200
                0x0000000000000400                _Min_Stack_Size = 0x400

.isr_vector     0x0000000008000000      0x1f8
                0x0000000008000000                . = ALIGN (0x4)
 *(.isr_vector)
 .isr_vector    0x0000000008000000      0x1f8 ./Core/Startup/startup_stm32f767zitx.o
                0x0000000008000000                g_pfnVectors
                0x00000000080001f8                . = ALIGN (0x4)

.text           0x0000000008000200     0x4328
                0x0000000008000200                . = ALIGN (0x4)
 *(.text)
 .text          0x0000000008000200       0x40 c:/st/stm32cubeide_1.7.0/stm32cubeide/plugins/com.st.stm32cube.ide.mcu.externaltools.gnu-tools-for-stm32.9-2020-q2-update.win32_2.0.0.202105311346/tools/bin/../lib/gcc/arm-none-eabi/9.3.1/thumb/v7e-m+dp/hard/crtbegin.o
 .text          0x0000000008000240       0x30 c:/st/stm32cubeide_1.7.0/stm32cubeide/plugins/com.st.stm32cube.ide.mcu.externaltools.gnu-tools-for-stm32.9-2020-q2-update.win32_2.0.0.202105311346/tools/bin/../lib/gcc/arm-none-eabi/9.3.1/thumb/v7e-m+dp/hard\libgcc.a(_aeabi_uldivmod.o)
                0x0000000008000240                __aeabi_uldivmod
 .text          0x0000000008000270      0x2c4 c:/st/stm32cubeide_1.7.0/stm32cubeide/plugins/com.st.stm32cube.ide.mcu.externaltools.gnu-tools-for-stm32.9-2020-q2-update.win32_2.0.0.202105311346/tools/bin/../lib/gcc/arm-none-eabi/9.3.1/thumb/v7e-m+dp/hard\libgcc.a(_udivmoddi4.o)
                0x0000000008000270                __udivmoddi4
 .text          0x0000000008000534        0x4 c:/st/stm32cubeide_1.7.0/stm32cubeide/plugins/com.st.stm32cube.ide.mcu.externaltools.gnu-tools-for-stm32.9-2020-q2-update.win32_2.0.0.202105311346/tools/bin/../lib/gcc/arm-none-eabi/9.3.1/thumb/v7e-m+dp/hard\libgcc.a(_dvmd_tls.o)
                0x0000000008000534                __aeabi_idiv0
                0x0000000008000534                __aeabi_ldiv0
 *(.text*)
 .text.main     0x0000000008000538       0x5c ./Core/Src/main.o
                0x0000000008000538                main
 .text.SystemClock_Config
                0x0000000008000594       0xb8 ./Core/Src/main.o
                0x0000000008000594                SystemClock_Config
 .text.task1_handler
                0x000000000800064c       0x24 ./Core/Src/main.o
 .text.task2_handler
                0x0000000008000670       0x24 ./Core/Src/main.o
 .text.HAL_TIM_PeriodElapsedCallback
                0x0000000008000694       0x24 ./Core/Src/main.o
                0x0000000008000694                HAL_TIM_PeriodElapsedCallback
 .text.Error_Handler
                0x00000000080006b8        0xa ./Core/Src/main.o
                0x00000000080006b8                Error_Handler
 *fill*         0x00000000080006c2        0x2 
 .text.HAL_MspInit
                0x00000000080006c4       0x48 ./Core/Src/stm32f7xx_hal_msp.o
                0x00000000080006c4                HAL_MspInit
 .text.HAL_InitTick
                0x000000000800070c       0xac ./Core/Src/stm32f7xx_hal_timebase_tim.o
                0x000000000800070c                HAL_InitTick
 .text.NMI_Handler
                0x00000000080007b8        0x6 ./Core/Src/stm32f7xx_it.o
                0x00000000080007b8                NMI_Handler
 .text.HardFault_Handler
                0x00000000080007be        0x6 ./Core/Src/stm32f7xx_it.o
                0x00000000080007be                HardFault_Handler
 .text.MemManage_Handler
                0x00000000080007c4        0x6 ./Core/Src/stm32f7xx_it.o
                0x00000000080007c4                MemManage_Handler
 .text.BusFault_Handler
                0x00000000080007ca        0x6 ./Core/Src/stm32f7xx_it.o
                0x00000000080007ca                BusFault_Handler
 .text.UsageFault_Handler
                0x00000000080007d0        0x6 ./Core/Src/stm32f7xx_it.o
                0x00000000080007d0                UsageFault_Handler
 .text.DebugMon_Handler
                0x00000000080007d6        0xe ./Core/Src/stm32f7xx_it.o
                0x00000000080007d6                DebugMon_Handler
 .text.TIM6_DAC_IRQHandler
                0x00000000080007e4       0x14 ./Core/Src/stm32f7xx_it.o
                0x00000000080007e4                TIM6_DAC_IRQHandler
 .text.ITM_SendChar
                0x00000000080007f8       0x50 ./Core/Src/syscalls.o
                0x00000000080007f8                ITM_SendChar
 .text._read    0x0000000008000848       0x3a ./Core/Src/syscalls.o
                0x0000000008000848                _read
 .text._write   0x0000000008000882       0x38 ./Core/Src/syscalls.o
                0x0000000008000882                _write
 .text._close   0x00000000080008ba       0x18 ./Core/Src/syscalls.o
                0x00000000080008ba                _close
 .text._fstat   0x00000000080008d2       0x20 ./Core/Src/syscalls.o
                0x00000000080008d2                _fstat
 .text._isatty  0x00000000080008f2       0x16 ./Core/Src/syscalls.o
                0x00000000080008f2                _isatty
 .text._lseek   0x0000000008000908       0x1a ./Core/Src/syscalls.o
                0x0000000008000908                _lseek
 *fill*         0x0000000008000922        0x2 
 .text.SystemInit
                0x0000000008000924       0x24 ./Core/Src/system_stm32f7xx.o
                0x0000000008000924                SystemInit
 .text.Reset_Handler
                0x0000000008000948       0x50 ./Core/Startup/startup_stm32f767zitx.o
                0x0000000008000948                Reset_Handler
 .text.Default_Handler
                0x0000000008000998        0x2 ./Core/Startup/startup_stm32f767zitx.o
                0x0000000008000998                RTC_Alarm_IRQHandler
                0x0000000008000998                EXTI2_IRQHandler
                0x0000000008000998                TIM8_CC_IRQHandler
                0x0000000008000998                UART8_IRQHandler
                0x0000000008000998                SPI4_IRQHandler
                0x0000000008000998                TIM1_CC_IRQHandler
                0x0000000008000998                DMA2_Stream5_IRQHandler
                0x0000000008000998                JPEG_IRQHandler
                0x0000000008000998                DMA1_Stream5_IRQHandler
                0x0000000008000998                CAN3_RX1_IRQHandler
                0x0000000008000998                PVD_IRQHandler
                0x0000000008000998                TAMP_STAMP_IRQHandler
                0x0000000008000998                CAN2_RX1_IRQHandler
                0x0000000008000998                EXTI3_IRQHandler
                0x0000000008000998                TIM8_TRG_COM_TIM14_IRQHandler
                0x0000000008000998                DFSDM1_FLT1_IRQHandler
                0x0000000008000998                TIM1_UP_TIM10_IRQHandler
                0x0000000008000998                TIM8_UP_TIM13_IRQHandler
                0x0000000008000998                I2C3_ER_IRQHandler
                0x0000000008000998                DFSDM1_FLT2_IRQHandler
                0x0000000008000998                EXTI0_IRQHandler
                0x0000000008000998                I2C2_EV_IRQHandler
                0x0000000008000998                DMA1_Stream2_IRQHandler
                0x0000000008000998                CAN1_RX0_IRQHandler
                0x0000000008000998                FPU_IRQHandler
                0x0000000008000998                OTG_HS_WKUP_IRQHandler
                0x0000000008000998                CAN3_SCE_IRQHandler
                0x0000000008000998                LTDC_ER_IRQHandler
                0x0000000008000998                CAN2_SCE_IRQHandler
                0x0000000008000998                DMA2_Stream2_IRQHandler
                0x0000000008000998                SPI1_IRQHandler
                0x0000000008000998                TIM1_BRK_TIM9_IRQHandler
                0x0000000008000998                DCMI_IRQHandler
                0x0000000008000998                CAN2_RX0_IRQHandler
                0x0000000008000998                DMA2_Stream3_IRQHandler
                0x0000000008000998                SAI2_IRQHandler
                0x0000000008000998                DFSDM1_FLT3_IRQHandler
                0x0000000008000998                USART6_IRQHandler
                0x0000000008000998                CAN3_RX0_IRQHandler
                0x0000000008000998                USART3_IRQHandler
                0x0000000008000998                CAN1_RX1_IRQHandler
                0x0000000008000998                UART5_IRQHandler
                0x0000000008000998                DMA2_Stream0_IRQHandler
                0x0000000008000998                TIM4_IRQHandler
                0x0000000008000998                QUADSPI_IRQHandler
                0x0000000008000998                I2C1_EV_IRQHandler
                0x0000000008000998                DMA1_Stream6_IRQHandler
                0x0000000008000998                DMA1_Stream1_IRQHandler
                0x0000000008000998                UART4_IRQHandler
                0x0000000008000998                TIM3_IRQHandler
                0x0000000008000998                RCC_IRQHandler
                0x0000000008000998                TIM8_BRK_TIM12_IRQHandler
                0x0000000008000998                Default_Handler
                0x0000000008000998                CEC_IRQHandler
                0x0000000008000998                EXTI15_10_IRQHandler
                0x0000000008000998                ADC_IRQHandler
                0x0000000008000998                DMA1_Stream7_IRQHandler
                0x0000000008000998                SPI5_IRQHandler
                0x0000000008000998                TIM7_IRQHandler
                0x0000000008000998                SDMMC1_IRQHandler
                0x0000000008000998                CAN2_TX_IRQHandler
                0x0000000008000998                TIM5_IRQHandler
                0x0000000008000998                DMA2_Stream7_IRQHandler
                0x0000000008000998                I2C3_EV_IRQHandler
                0x0000000008000998                EXTI9_5_IRQHandler
                0x0000000008000998                RTC_WKUP_IRQHandler
                0x0000000008000998                LTDC_IRQHandler
                0x0000000008000998                ETH_WKUP_IRQHandler
                0x0000000008000998                SPDIF_RX_IRQHandler
                0x0000000008000998                SPI2_IRQHandler
                0x0000000008000998                OTG_HS_EP1_IN_IRQHandler
                0x0000000008000998                DMA1_Stream0_IRQHandler
                0x0000000008000998                CAN1_TX_IRQHandler
                0x0000000008000998                EXTI4_IRQHandler
                0x0000000008000998                RNG_IRQHandler
                0x0000000008000998                ETH_IRQHandler
                0x0000000008000998                OTG_HS_EP1_OUT_IRQHandler
                0x0000000008000998                WWDG_IRQHandler
                0x0000000008000998                SPI6_IRQHandler
                0x0000000008000998                MDIOS_IRQHandler
                0x0000000008000998                I2C4_EV_IRQHandler
                0x0000000008000998                CAN3_TX_IRQHandler
                0x0000000008000998                TIM2_IRQHandler
                0x0000000008000998                OTG_FS_WKUP_IRQHandler
                0x0000000008000998                TIM1_TRG_COM_TIM11_IRQHandler
                0x0000000008000998                OTG_HS_IRQHandler
                0x0000000008000998                DMA2D_IRQHandler
                0x0000000008000998                EXTI1_IRQHandler
                0x0000000008000998                SDMMC2_IRQHandler
                0x0000000008000998                UART7_IRQHandler
                0x0000000008000998                USART2_IRQHandler
                0x0000000008000998                DFSDM1_FLT0_IRQHandler
                0x0000000008000998                I2C2_ER_IRQHandler
                0x0000000008000998                DMA2_Stream1_IRQHandler
                0x0000000008000998                CAN1_SCE_IRQHandler
                0x0000000008000998                FLASH_IRQHandler
                0x0000000008000998                DMA2_Stream4_IRQHandler
                0x0000000008000998                USART1_IRQHandler
                0x0000000008000998                OTG_FS_IRQHandler
                0x0000000008000998                SPI3_IRQHandler
                0x0000000008000998                DMA1_Stream4_IRQHandler
                0x0000000008000998                I2C1_ER_IRQHandler
                0x0000000008000998                FMC_IRQHandler
                0x0000000008000998                LPTIM1_IRQHandler
                0x0000000008000998                I2C4_ER_IRQHandler
                0x0000000008000998                DMA2_Stream6_IRQHandler
                0x0000000008000998                SAI1_IRQHandler
                0x0000000008000998                DMA1_Stream3_IRQHandler
 .text.HAL_Init
                0x000000000800099a       0x1a ./Drivers/STM32F7xx_HAL_Driver/Src/stm32f7xx_hal.o
                0x000000000800099a                HAL_Init
 .text.HAL_IncTick
                0x00000000080009b4       0x28 ./Drivers/STM32F7xx_HAL_Driver/Src/stm32f7xx_hal.o
                0x00000000080009b4                HAL_IncTick
 .text.HAL_GetTick
                0x00000000080009dc       0x18 ./Drivers/STM32F7xx_HAL_Driver/Src/stm32f7xx_hal.o
                0x00000000080009dc                HAL_GetTick
 .text.__NVIC_SetPriorityGrouping
                0x00000000080009f4       0x48 ./Drivers/STM32F7xx_HAL_Driver/Src/stm32f7xx_hal_cortex.o
 .text.__NVIC_GetPriorityGrouping
                0x0000000008000a3c       0x1c ./Drivers/STM32F7xx_HAL_Driver/Src/stm32f7xx_hal_cortex.o
 .text.__NVIC_EnableIRQ
                0x0000000008000a58       0x3c ./Drivers/STM32F7xx_HAL_Driver/Src/stm32f7xx_hal_cortex.o
 .text.__NVIC_SetPriority
                0x0000000008000a94       0x54 ./Drivers/STM32F7xx_HAL_Driver/Src/stm32f7xx_hal_cortex.o
 .text.NVIC_EncodePriority
                0x0000000008000ae8       0x66 ./Drivers/STM32F7xx_HAL_Driver/Src/stm32f7xx_hal_cortex.o
 .text.HAL_NVIC_SetPriorityGrouping
                0x0000000008000b4e       0x16 ./Drivers/STM32F7xx_HAL_Driver/Src/stm32f7xx_hal_cortex.o
                0x0000000008000b4e                HAL_NVIC_SetPriorityGrouping
 .text.HAL_NVIC_SetPriority
                0x0000000008000b64       0x38 ./Drivers/STM32F7xx_HAL_Driver/Src/stm32f7xx_hal_cortex.o
                0x0000000008000b64                HAL_NVIC_SetPriority
 .text.HAL_NVIC_EnableIRQ
                0x0000000008000b9c       0x1c ./Drivers/STM32F7xx_HAL_Driver/Src/stm32f7xx_hal_cortex.o
                0x0000000008000b9c                HAL_NVIC_EnableIRQ
 .text.HAL_RCC_OscConfig
                0x0000000008000bb8      0x55c ./Drivers/STM32F7xx_HAL_Driver/Src/stm32f7xx_hal_rcc.o
                0x0000000008000bb8                HAL_RCC_OscConfig
 .text.HAL_RCC_ClockConfig
                0x0000000008001114      0x1d8 ./Drivers/STM32F7xx_HAL_Driver/Src/stm32f7xx_hal_rcc.o
                0x0000000008001114                HAL_RCC_ClockConfig
 .text.HAL_RCC_GetSysClockFreq
                0x00000000080012ec      0x16c ./Drivers/STM32F7xx_HAL_Driver/Src/stm32f7xx_hal_rcc.o
                0x00000000080012ec                HAL_RCC_GetSysClockFreq
 .text.HAL_RCC_GetHCLKFreq
                0x0000000008001458       0x18 ./Drivers/STM32F7xx_HAL_Driver/Src/stm32f7xx_hal_rcc.o
                0x0000000008001458                HAL_RCC_GetHCLKFreq
 .text.HAL_RCC_GetPCLK1Freq
                0x0000000008001470       0x28 ./Drivers/STM32F7xx_HAL_Driver/Src/stm32f7xx_hal_rcc.o
                0x0000000008001470                HAL_RCC_GetPCLK1Freq
 .text.HAL_RCC_GetClockConfig
                0x0000000008001498       0x64 ./Drivers/STM32F7xx_HAL_Driver/Src/stm32f7xx_hal_rcc.o
                0x0000000008001498                HAL_RCC_GetClockConfig
 .text.HAL_TIM_Base_Init
                0x00000000080014fc       0xae ./Drivers/STM32F7xx_HAL_Driver/Src/stm32f7xx_hal_tim.o
                0x00000000080014fc                HAL_TIM_Base_Init
 .text.HAL_TIM_Base_MspInit
                0x00000000080015aa       0x14 ./Drivers/STM32F7xx_HAL_Driver/Src/stm32f7xx_hal_tim.o
                0x00000000080015aa                HAL_TIM_Base_MspInit
 *fill*         0x00000000080015be        0x2 
 .text.HAL_TIM_Base_Start_IT
                0x00000000080015c0       0xf0 ./Drivers/STM32F7xx_HAL_Driver/Src/stm32f7xx_hal_tim.o
                0x00000000080015c0                HAL_TIM_Base_Start_IT
 .text.HAL_TIM_IRQHandler
                0x00000000080016b0      0x23e ./Drivers/STM32F7xx_HAL_Driver/Src/stm32f7xx_hal_tim.o
                0x00000000080016b0                HAL_TIM_IRQHandler
 .text.HAL_TIM_OC_DelayElapsedCallback
                0x00000000080018ee       0x14 ./Drivers/STM32F7xx_HAL_Driver/Src/stm32f7xx_hal_tim.o
                0x00000000080018ee                HAL_TIM_OC_DelayElapsedCallback
 .text.HAL_TIM_IC_CaptureCallback
                0x0000000008001902       0x14 ./Drivers/STM32F7xx_HAL_Driver/Src/stm32f7xx_hal_tim.o
                0x0000000008001902                HAL_TIM_IC_CaptureCallback
 .text.HAL_TIM_PWM_PulseFinishedCallback
                0x0000000008001916       0x14 ./Drivers/STM32F7xx_HAL_Driver/Src/stm32f7xx_hal_tim.o
                0x0000000008001916                HAL_TIM_PWM_PulseFinishedCallback
 .text.HAL_TIM_TriggerCallback
                0x000000000800192a       0x14 ./Drivers/STM32F7xx_HAL_Driver/Src/stm32f7xx_hal_tim.o
                0x000000000800192a                HAL_TIM_TriggerCallback
 *fill*         0x000000000800193e        0x2 
 .text.TIM_Base_SetConfig
                0x0000000008001940      0x140 ./Drivers/STM32F7xx_HAL_Driver/Src/stm32f7xx_hal_tim.o
                0x0000000008001940                TIM_Base_SetConfig
 .text.HAL_TIMEx_CommutCallback
                0x0000000008001a80       0x14 ./Drivers/STM32F7xx_HAL_Driver/Src/stm32f7xx_hal_tim_ex.o
                0x0000000008001a80                HAL_TIMEx_CommutCallback
 .text.HAL_TIMEx_BreakCallback
                0x0000000008001a94       0x14 ./Drivers/STM32F7xx_HAL_Driver/Src/stm32f7xx_hal_tim_ex.o
                0x0000000008001a94                HAL_TIMEx_BreakCallback
 .text.HAL_TIMEx_Break2Callback
                0x0000000008001aa8       0x14 ./Drivers/STM32F7xx_HAL_Driver/Src/stm32f7xx_hal_tim_ex.o
                0x0000000008001aa8                HAL_TIMEx_Break2Callback
 .text.vListInitialise
                0x0000000008001abc       0x40 ./ThirdParty/FreeRTOS/list.o
                0x0000000008001abc                vListInitialise
 .text.vListInitialiseItem
                0x0000000008001afc       0x1a ./ThirdParty/FreeRTOS/list.o
                0x0000000008001afc                vListInitialiseItem
 .text.vListInsert
                0x0000000008001b16       0x72 ./ThirdParty/FreeRTOS/list.o
                0x0000000008001b16                vListInsert
 .text.uxListRemove
                0x0000000008001b88       0x54 ./ThirdParty/FreeRTOS/list.o
                0x0000000008001b88                uxListRemove
 .text.xQueueGenericReset
                0x0000000008001bdc       0xcc ./ThirdParty/FreeRTOS/queue.o
                0x0000000008001bdc                xQueueGenericReset
 .text.xQueueGenericCreate
                0x0000000008001ca8       0x7e ./ThirdParty/FreeRTOS/queue.o
                0x0000000008001ca8                xQueueGenericCreate
 .text.prvInitialiseNewQueue
                0x0000000008001d26       0x4c ./ThirdParty/FreeRTOS/queue.o
 *fill*         0x0000000008001d72        0x2 
 .text.xQueueReceive
                0x0000000008001d74      0x130 ./ThirdParty/FreeRTOS/queue.o
                0x0000000008001d74                xQueueReceive
 .text.prvCopyDataToQueue
                0x0000000008001ea4       0xd4 ./ThirdParty/FreeRTOS/queue.o
 .text.prvCopyDataFromQueue
                0x0000000008001f78       0x4c ./ThirdParty/FreeRTOS/queue.o
 .text.prvUnlockQueue
                0x0000000008001fc4       0xbe ./ThirdParty/FreeRTOS/queue.o
 .text.prvIsQueueEmpty
                0x0000000008002082       0x2c ./ThirdParty/FreeRTOS/queue.o
 *fill*         0x00000000080020ae        0x2 
 .text.vQueueAddToRegistry
                0x00000000080020b0       0x80 ./ThirdParty/FreeRTOS/queue.o
                0x00000000080020b0                vQueueAddToRegistry
 .text.vQueueWaitForMessageRestricted
                0x0000000008002130       0x68 ./ThirdParty/FreeRTOS/queue.o
                0x0000000008002130                vQueueWaitForMessageRestricted
 .text.prvNotifyQueueSetContainer
                0x0000000008002198       0x74 ./ThirdParty/FreeRTOS/queue.o
 .text.xTaskCreate
                0x000000000800220c       0x82 ./ThirdParty/FreeRTOS/tasks.o
                0x000000000800220c                xTaskCreate
 .text.prvInitialiseNewTask
                0x000000000800228e      0x10c ./ThirdParty/FreeRTOS/tasks.o
 *fill*         0x000000000800239a        0x2 
 .text.prvAddNewTaskToReadyList
                0x000000000800239c      0x110 ./ThirdParty/FreeRTOS/tasks.o
 .text.vTaskStartScheduler
                0x00000000080024ac       0x88 ./ThirdParty/FreeRTOS/tasks.o
                0x00000000080024ac                vTaskStartScheduler
 .text.vTaskSuspendAll
                0x0000000008002534       0x1c ./ThirdParty/FreeRTOS/tasks.o
                0x0000000008002534                vTaskSuspendAll
 .text.xTaskResumeAll
                0x0000000008002550      0x1bc ./ThirdParty/FreeRTOS/tasks.o
                0x0000000008002550                xTaskResumeAll
 .text.xTaskGetTickCount
                0x000000000800270c       0x20 ./ThirdParty/FreeRTOS/tasks.o
                0x000000000800270c                xTaskGetTickCount
 .text.xTaskIncrementTick
                0x000000000800272c      0x1c8 ./ThirdParty/FreeRTOS/tasks.o
                0x000000000800272c                xTaskIncrementTick
 .text.vTaskSwitchContext
                0x00000000080028f4       0x8c ./ThirdParty/FreeRTOS/tasks.o
                0x00000000080028f4                vTaskSwitchContext
 .text.vTaskPlaceOnEventList
                0x0000000008002980       0x2c ./ThirdParty/FreeRTOS/tasks.o
                0x0000000008002980                vTaskPlaceOnEventList
 .text.vTaskPlaceOnEventListRestricted
                0x00000000080029ac       0x70 ./ThirdParty/FreeRTOS/tasks.o
                0x00000000080029ac                vTaskPlaceOnEventListRestricted
 .text.xTaskRemoveFromEventList
                0x0000000008002a1c      0x190 ./ThirdParty/FreeRTOS/tasks.o
                0x0000000008002a1c                xTaskRemoveFromEventList
 .text.vTaskInternalSetTimeOutState
                0x0000000008002bac       0x2c ./ThirdParty/FreeRTOS/tasks.o
                0x0000000008002bac                vTaskInternalSetTimeOutState
 .text.xTaskCheckForTimeOut
                0x0000000008002bd8       0x94 ./ThirdParty/FreeRTOS/tasks.o
                0x0000000008002bd8                xTaskCheckForTimeOut
 .text.vTaskMissedYield
                0x0000000008002c6c       0x18 ./ThirdParty/FreeRTOS/tasks.o
                0x0000000008002c6c                vTaskMissedYield
 .text.prvIdleTask
                0x0000000008002c84       0x24 ./ThirdParty/FreeRTOS/tasks.o
 .text.prvInitialiseTaskLists
                0x0000000008002ca8       0x80 ./ThirdParty/FreeRTOS/tasks.o
 .text.prvCheckTasksWaitingTermination
                0x0000000008002d28       0x5c ./ThirdParty/FreeRTOS/tasks.o
 .text.prvDeleteTCB
                0x0000000008002d84       0x20 ./ThirdParty/FreeRTOS/tasks.o
 .text.prvResetNextTaskUnblockTime
                0x0000000008002da4       0x38 ./ThirdParty/FreeRTOS/tasks.o
 .text.xTaskPriorityDisinherit
                0x0000000008002ddc      0x104 ./ThirdParty/FreeRTOS/tasks.o
                0x0000000008002ddc                xTaskPriorityDisinherit
 .text.prvAddCurrentTaskToDelayedList
                0x0000000008002ee0      0x100 ./ThirdParty/FreeRTOS/tasks.o
 .text.xTimerCreateTimerTask
                0x0000000008002fe0       0x48 ./ThirdParty/FreeRTOS/timers.o
                0x0000000008002fe0                xTimerCreateTimerTask
 .text.prvReloadTimer
                0x0000000008003028       0x42 ./ThirdParty/FreeRTOS/timers.o
 *fill*         0x000000000800306a        0x2 
 .text.prvProcessExpiredTimer
                0x000000000800306c       0x60 ./ThirdParty/FreeRTOS/timers.o
 .text.prvTimerTask
                0x00000000080030cc       0x24 ./ThirdParty/FreeRTOS/timers.o
 .text.prvProcessTimerOrBlockTask
                0x00000000080030f0       0x9c ./ThirdParty/FreeRTOS/timers.o
 .text.prvGetNextExpireTime
                0x000000000800318c       0x48 ./ThirdParty/FreeRTOS/timers.o
 .text.prvSampleTimeNow
                0x00000000080031d4       0x40 ./ThirdParty/FreeRTOS/timers.o
 .text.prvInsertTimerInActiveList
                0x0000000008003214       0x84 ./ThirdParty/FreeRTOS/timers.o
 .text.prvProcessReceivedCommands
                0x0000000008003298      0x178 ./ThirdParty/FreeRTOS/timers.o
 .text.prvSwitchTimerLists
                0x0000000008003410       0x4c ./ThirdParty/FreeRTOS/timers.o
 .text.prvCheckForValidListAndQueue
                0x000000000800345c       0x6c ./ThirdParty/FreeRTOS/timers.o
 .text.pxPortInitialiseStack
                0x00000000080034c8       0x68 ./ThirdParty/FreeRTOS/portable/GCC/ARM_CM7/r0p1/port.o
                0x00000000080034c8                pxPortInitialiseStack
 .text.prvTaskExitError
                0x0000000008003530       0x38 ./ThirdParty/FreeRTOS/portable/GCC/ARM_CM7/r0p1/port.o
 *fill*         0x0000000008003568        0x8 
 .text.SVC_Handler
                0x0000000008003570       0x28 ./ThirdParty/FreeRTOS/portable/GCC/ARM_CM7/r0p1/port.o
                0x0000000008003570                SVC_Handler
 .text.prvPortStartFirstTask
                0x0000000008003598       0x2c ./ThirdParty/FreeRTOS/portable/GCC/ARM_CM7/r0p1/port.o
 .text.xPortStartScheduler
                0x00000000080035c4       0x54 ./ThirdParty/FreeRTOS/portable/GCC/ARM_CM7/r0p1/port.o
                0x00000000080035c4                xPortStartScheduler
 .text.vPortEnterCritical
                0x0000000008003618       0x38 ./ThirdParty/FreeRTOS/portable/GCC/ARM_CM7/r0p1/port.o
                0x0000000008003618                vPortEnterCritical
 .text.vPortExitCritical
                0x0000000008003650       0x34 ./ThirdParty/FreeRTOS/portable/GCC/ARM_CM7/r0p1/port.o
                0x0000000008003650                vPortExitCritical
 *fill*         0x0000000008003684        0xc 
 .text.PendSV_Handler
                0x0000000008003690       0x68 ./ThirdParty/FreeRTOS/portable/GCC/ARM_CM7/r0p1/port.o
                0x0000000008003690                PendSV_Handler
 .text.SysTick_Handler
                0x00000000080036f8       0x48 ./ThirdParty/FreeRTOS/portable/GCC/ARM_CM7/r0p1/port.o
                0x00000000080036f8                SysTick_Handler
 .text.vPortSetupTimerInterrupt
                0x0000000008003740       0x48 ./ThirdParty/FreeRTOS/portable/GCC/ARM_CM7/r0p1/port.o
                0x0000000008003740                vPortSetupTimerInterrupt
 .text.vPortEnableVFP
                0x0000000008003788       0x18 ./ThirdParty/FreeRTOS/portable/GCC/ARM_CM7/r0p1/port.o
 .text.pvPortMalloc
                0x00000000080037a0      0x15c ./ThirdParty/FreeRTOS/portable/MemMang/heap_4.o
                0x00000000080037a0                pvPortMalloc
 .text.vPortFree
                0x00000000080038fc       0x80 ./ThirdParty/FreeRTOS/portable/MemMang/heap_4.o
                0x00000000080038fc                vPortFree
 .text.prvHeapInit
                0x000000000800397c       0xc4 ./ThirdParty/FreeRTOS/portable/MemMang/heap_4.o
 .text.prvInsertBlockIntoFreeList
                0x0000000008003a40       0xb4 ./ThirdParty/FreeRTOS/portable/MemMang/heap_4.o
 .text.__libc_init_array
                0x0000000008003af4       0x48 c:/st/stm32cubeide_1.7.0/stm32cubeide/plugins/com.st.stm32cube.ide.mcu.externaltools.gnu-tools-for-stm32.9-2020-q2-update.win32_2.0.0.202105311346/tools/bin/../lib/gcc/arm-none-eabi/9.3.1/../../../../arm-none-eabi/lib/thumb/v7e-m+dp/hard\libc_nano.a(lib_a-init.o)
                0x0000000008003af4                __libc_init_array
 .text.memcpy   0x0000000008003b3c       0x1c c:/st/stm32cubeide_1.7.0/stm32cubeide/plugins/com.st.stm32cube.ide.mcu.externaltools.gnu-tools-for-stm32.9-2020-q2-update.win32_2.0.0.202105311346/tools/bin/../lib/gcc/arm-none-eabi/9.3.1/../../../../arm-none-eabi/lib/thumb/v7e-m+dp/hard\libc_nano.a(lib_a-memcpy-stub.o)
                0x0000000008003b3c                memcpy
 .text.memset   0x0000000008003b58       0x10 c:/st/stm32cubeide_1.7.0/stm32cubeide/plugins/com.st.stm32cube.ide.mcu.externaltools.gnu-tools-for-stm32.9-2020-q2-update.win32_2.0.0.202105311346/tools/bin/../lib/gcc/arm-none-eabi/9.3.1/../../../../arm-none-eabi/lib/thumb/v7e-m+dp/hard\libc_nano.a(lib_a-memset.o)
                0x0000000008003b58                memset
 .text._puts_r  0x0000000008003b68       0xdc c:/st/stm32cubeide_1.7.0/stm32cubeide/plugins/com.st.stm32cube.ide.mcu.externaltools.gnu-tools-for-stm32.9-2020-q2-update.win32_2.0.0.202105311346/tools/bin/../lib/gcc/arm-none-eabi/9.3.1/../../../../arm-none-eabi/lib/thumb/v7e-m+dp/hard\libc_nano.a(lib_a-puts.o)
                0x0000000008003b68                _puts_r
 .text.puts     0x0000000008003c44       0x10 c:/st/stm32cubeide_1.7.0/stm32cubeide/plugins/com.st.stm32cube.ide.mcu.externaltools.gnu-tools-for-stm32.9-2020-q2-update.win32_2.0.0.202105311346/tools/bin/../lib/gcc/arm-none-eabi/9.3.1/../../../../arm-none-eabi/lib/thumb/v7e-m+dp/hard\libc_nano.a(lib_a-puts.o)
                0x0000000008003c44                puts
 .text.__swbuf_r
                0x0000000008003c54       0xa4 c:/st/stm32cubeide_1.7.0/stm32cubeide/plugins/com.st.stm32cube.ide.mcu.externaltools.gnu-tools-for-stm32.9-2020-q2-update.win32_2.0.0.202105311346/tools/bin/../lib/gcc/arm-none-eabi/9.3.1/../../../../arm-none-eabi/lib/thumb/v7e-m+dp/hard\libc_nano.a(lib_a-wbuf.o)
                0x0000000008003c54                __swbuf_r
 .text.__swsetup_r
                0x0000000008003cf8       0xdc c:/st/stm32cubeide_1.7.0/stm32cubeide/plugins/com.st.stm32cube.ide.mcu.externaltools.gnu-tools-for-stm32.9-2020-q2-update.win32_2.0.0.202105311346/tools/bin/../lib/gcc/arm-none-eabi/9.3.1/../../../../arm-none-eabi/lib/thumb/v7e-m+dp/hard\libc_nano.a(lib_a-wsetup.o)
                0x0000000008003cf8                __swsetup_r
 .text.__sflush_r
                0x0000000008003dd4      0x10c c:/st/stm32cubeide_1.7.0/stm32cubeide/plugins/com.st.stm32cube.ide.mcu.externaltools.gnu-tools-for-stm32.9-2020-q2-update.win32_2.0.0.202105311346/tools/bin/../lib/gcc/arm-none-eabi/9.3.1/../../../../arm-none-eabi/lib/thumb/v7e-m+dp/hard\libc_nano.a(lib_a-fflush.o)
                0x0000000008003dd4                __sflush_r
 .text._fflush_r
                0x0000000008003ee0       0x78 c:/st/stm32cubeide_1.7.0/stm32cubeide/plugins/com.st.stm32cube.ide.mcu.externaltools.gnu-tools-for-stm32.9-2020-q2-update.win32_2.0.0.202105311346/tools/bin/../lib/gcc/arm-none-eabi/9.3.1/../../../../arm-none-eabi/lib/thumb/v7e-m+dp/hard\libc_nano.a(lib_a-fflush.o)
                0x0000000008003ee0                _fflush_r
 .text.std      0x0000000008003f58       0x48 c:/st/stm32cubeide_1.7.0/stm32cubeide/plugins/com.st.stm32cube.ide.mcu.externaltools.gnu-tools-for-stm32.9-2020-q2-update.win32_2.0.0.202105311346/tools/bin/../lib/gcc/arm-none-eabi/9.3.1/../../../../arm-none-eabi/lib/thumb/v7e-m+dp/hard\libc_nano.a(lib_a-findfp.o)
 .text._cleanup_r
                0x0000000008003fa0        0xc c:/st/stm32cubeide_1.7.0/stm32cubeide/plugins/com.st.stm32cube.ide.mcu.externaltools.gnu-tools-for-stm32.9-2020-q2-update.win32_2.0.0.202105311346/tools/bin/../lib/gcc/arm-none-eabi/9.3.1/../../../../arm-none-eabi/lib/thumb/v7e-m+dp/hard\libc_nano.a(lib_a-findfp.o)
                0x0000000008003fa0                _cleanup_r
 .text.__sfmoreglue
                0x0000000008003fac       0x2c c:/st/stm32cubeide_1.7.0/stm32cubeide/plugins/com.st.stm32cube.ide.mcu.externaltools.gnu-tools-for-stm32.9-2020-q2-update.win32_2.0.0.202105311346/tools/bin/../lib/gcc/arm-none-eabi/9.3.1/../../../../arm-none-eabi/lib/thumb/v7e-m+dp/hard\libc_nano.a(lib_a-findfp.o)
                0x0000000008003fac                __sfmoreglue
 .text.__sfp_lock_acquire
                0x0000000008003fd8        0xc c:/st/stm32cubeide_1.7.0/stm32cubeide/plugins/com.st.stm32cube.ide.mcu.externaltools.gnu-tools-for-stm32.9-2020-q2-update.win32_2.0.0.202105311346/tools/bin/../lib/gcc/arm-none-eabi/9.3.1/../../../../arm-none-eabi/lib/thumb/v7e-m+dp/hard\libc_nano.a(lib_a-findfp.o)
                0x0000000008003fd8                __sfp_lock_acquire
 .text.__sfp_lock_release
                0x0000000008003fe4        0xc c:/st/stm32cubeide_1.7.0/stm32cubeide/plugins/com.st.stm32cube.ide.mcu.externaltools.gnu-tools-for-stm32.9-2020-q2-update.win32_2.0.0.202105311346/tools/bin/../lib/gcc/arm-none-eabi/9.3.1/../../../../arm-none-eabi/lib/thumb/v7e-m+dp/hard\libc_nano.a(lib_a-findfp.o)
                0x0000000008003fe4                __sfp_lock_release
 .text.__sinit_lock_acquire
                0x0000000008003ff0        0xc c:/st/stm32cubeide_1.7.0/stm32cubeide/plugins/com.st.stm32cube.ide.mcu.externaltools.gnu-tools-for-stm32.9-2020-q2-update.win32_2.0.0.202105311346/tools/bin/../lib/gcc/arm-none-eabi/9.3.1/../../../../arm-none-eabi/lib/thumb/v7e-m+dp/hard\libc_nano.a(lib_a-findfp.o)
                0x0000000008003ff0                __sinit_lock_acquire
 .text.__sinit_lock_release
                0x0000000008003ffc        0xc c:/st/stm32cubeide_1.7.0/stm32cubeide/plugins/com.st.stm32cube.ide.mcu.externaltools.gnu-tools-for-stm32.9-2020-q2-update.win32_2.0.0.202105311346/tools/bin/../lib/gcc/arm-none-eabi/9.3.1/../../../../arm-none-eabi/lib/thumb/v7e-m+dp/hard\libc_nano.a(lib_a-findfp.o)
                0x0000000008003ffc                __sinit_lock_release
 .text.__sinit  0x0000000008004008       0x70 c:/st/stm32cubeide_1.7.0/stm32cubeide/plugins/com.st.stm32cube.ide.mcu.externaltools.gnu-tools-for-stm32.9-2020-q2-update.win32_2.0.0.202105311346/tools/bin/../lib/gcc/arm-none-eabi/9.3.1/../../../../arm-none-eabi/lib/thumb/v7e-m+dp/hard\libc_nano.a(lib_a-findfp.o)
                0x0000000008004008                __sinit
 .text.__sfp    0x0000000008004078       0x8c c:/st/stm32cubeide_1.7.0/stm32cubeide/plugins/com.st.stm32cube.ide.mcu.externaltools.gnu-tools-for-stm32.9-2020-q2-update.win32_2.0.0.202105311346/tools/bin/../lib/gcc/arm-none-eabi/9.3.1/../../../../arm-none-eabi/lib/thumb/v7e-m+dp/hard\libc_nano.a(lib_a-findfp.o)
                0x0000000008004078                __sfp
 .text._fwalk_reent
                0x0000000008004104       0x3e c:/st/stm32cubeide_1.7.0/stm32cubeide/plugins/com.st.stm32cube.ide.mcu.externaltools.gnu-tools-for-stm32.9-2020-q2-update.win32_2.0.0.202105311346/tools/bin/../lib/gcc/arm-none-eabi/9.3.1/../../../../arm-none-eabi/lib/thumb/v7e-m+dp/hard\libc_nano.a(lib_a-fwalk.o)
                0x0000000008004104                _fwalk_reent
 .text.__retarget_lock_init_recursive
                0x0000000008004142        0x2 c:/st/stm32cubeide_1.7.0/stm32cubeide/plugins/com.st.stm32cube.ide.mcu.externaltools.gnu-tools-for-stm32.9-2020-q2-update.win32_2.0.0.202105311346/tools/bin/../lib/gcc/arm-none-eabi/9.3.1/../../../../arm-none-eabi/lib/thumb/v7e-m+dp/hard\libc_nano.a(lib_a-lock.o)
                0x0000000008004142                __retarget_lock_init_recursive
 .text.__retarget_lock_acquire_recursive
                0x0000000008004144        0x2 c:/st/stm32cubeide_1.7.0/stm32cubeide/plugins/com.st.stm32cube.ide.mcu.externaltools.gnu-tools-for-stm32.9-2020-q2-update.win32_2.0.0.202105311346/tools/bin/../lib/gcc/arm-none-eabi/9.3.1/../../../../arm-none-eabi/lib/thumb/v7e-m+dp/hard\libc_nano.a(lib_a-lock.o)
                0x0000000008004144                __retarget_lock_acquire_recursive
 .text.__retarget_lock_release_recursive
                0x0000000008004146        0x2 c:/st/stm32cubeide_1.7.0/stm32cubeide/plugins/com.st.stm32cube.ide.mcu.externaltools.gnu-tools-for-stm32.9-2020-q2-update.win32_2.0.0.202105311346/tools/bin/../lib/gcc/arm-none-eabi/9.3.1/../../../../arm-none-eabi/lib/thumb/v7e-m+dp/hard\libc_nano.a(lib_a-lock.o)
                0x0000000008004146                __retarget_lock_release_recursive
 .text.__swhatbuf_r
                0x0000000008004148       0x48 c:/st/stm32cubeide_1.7.0/stm32cubeide/plugins/com.st.stm32cube.ide.mcu.externaltools.gnu-tools-for-stm32.9-2020-q2-update.win32_2.0.0.202105311346/tools/bin/../lib/gcc/arm-none-eabi/9.3.1/../../../../arm-none-eabi/lib/thumb/v7e-m+dp/hard\libc_nano.a(lib_a-makebuf.o)
                0x0000000008004148                __swhatbuf_r
 .text.__smakebuf_r
                0x0000000008004190       0x80 c:/st/stm32cubeide_1.7.0/stm32cubeide/plugins/com.st.stm32cube.ide.mcu.externaltools.gnu-tools-for-stm32.9-2020-q2-update.win32_2.0.0.202105311346/tools/bin/../lib/gcc/arm-none-eabi/9.3.1/../../../../arm-none-eabi/lib/thumb/v7e-m+dp/hard\libc_nano.a(lib_a-makebuf.o)
                0x0000000008004190                __smakebuf_r
 .text._free_r  0x0000000008004210       0xa0 c:/st/stm32cubeide_1.7.0/stm32cubeide/plugins/com.st.stm32cube.ide.mcu.externaltools.gnu-tools-for-stm32.9-2020-q2-update.win32_2.0.0.202105311346/tools/bin/../lib/gcc/arm-none-eabi/9.3.1/../../../../arm-none-eabi/lib/thumb/v7e-m+dp/hard\libc_nano.a(lib_a-nano-freer.o)
                0x0000000008004210                _free_r
 .text._malloc_r
                0x00000000080042b0       0xb4 c:/st/stm32cubeide_1.7.0/stm32cubeide/plugins/com.st.stm32cube.ide.mcu.externaltools.gnu-tools-for-stm32.9-2020-q2-update.win32_2.0.0.202105311346/tools/bin/../lib/gcc/arm-none-eabi/9.3.1/../../../../arm-none-eabi/lib/thumb/v7e-m+dp/hard\libc_nano.a(lib_a-nano-mallocr.o)
                0x00000000080042b0                _malloc_r
 .text._sbrk_r  0x0000000008004364       0x20 c:/st/stm32cubeide_1.7.0/stm32cubeide/plugins/com.st.stm32cube.ide.mcu.externaltools.gnu-tools-for-stm32.9-2020-q2-update.win32_2.0.0.202105311346/tools/bin/../lib/gcc/arm-none-eabi/9.3.1/../../../../arm-none-eabi/lib/thumb/v7e-m+dp/hard\libc_nano.a(lib_a-sbrkr.o)
                0x0000000008004364                _sbrk_r
 .text.__sread  0x0000000008004384       0x22 c:/st/stm32cubeide_1.7.0/stm32cubeide/plugins/com.st.stm32cube.ide.mcu.externaltools.gnu-tools-for-stm32.9-2020-q2-update.win32_2.0.0.202105311346/tools/bin/../lib/gcc/arm-none-eabi/9.3.1/../../../../arm-none-eabi/lib/thumb/v7e-m+dp/hard\libc_nano.a(lib_a-stdio.o)
                0x0000000008004384                __sread
 .text.__swrite
                0x00000000080043a6       0x38 c:/st/stm32cubeide_1.7.0/stm32cubeide/plugins/com.st.stm32cube.ide.mcu.externaltools.gnu-tools-for-stm32.9-2020-q2-update.win32_2.0.0.202105311346/tools/bin/../lib/gcc/arm-none-eabi/9.3.1/../../../../arm-none-eabi/lib/thumb/v7e-m+dp/hard\libc_nano.a(lib_a-stdio.o)
                0x00000000080043a6                __swrite
 .text.__sseek  0x00000000080043de       0x24 c:/st/stm32cubeide_1.7.0/stm32cubeide/plugins/com.st.stm32cube.ide.mcu.externaltools.gnu-tools-for-stm32.9-2020-q2-update.win32_2.0.0.202105311346/tools/bin/../lib/gcc/arm-none-eabi/9.3.1/../../../../arm-none-eabi/lib/thumb/v7e-m+dp/hard\libc_nano.a(lib_a-stdio.o)
                0x00000000080043de                __sseek
 .text.__sclose
                0x0000000008004402        0x8 c:/st/stm32cubeide_1.7.0/stm32cubeide/plugins/com.st.stm32cube.ide.mcu.externaltools.gnu-tools-for-stm32.9-2020-q2-update.win32_2.0.0.202105311346/tools/bin/../lib/gcc/arm-none-eabi/9.3.1/../../../../arm-none-eabi/lib/thumb/v7e-m+dp/hard\libc_nano.a(lib_a-stdio.o)
                0x0000000008004402                __sclose
 *fill*         0x000000000800440a        0x2 
 .text._write_r
                0x000000000800440c       0x24 c:/st/stm32cubeide_1.7.0/stm32cubeide/plugins/com.st.stm32cube.ide.mcu.externaltools.gnu-tools-for-stm32.9-2020-q2-update.win32_2.0.0.202105311346/tools/bin/../lib/gcc/arm-none-eabi/9.3.1/../../../../arm-none-eabi/lib/thumb/v7e-m+dp/hard\libc_nano.a(lib_a-writer.o)
                0x000000000800440c                _write_r
 .text._close_r
                0x0000000008004430       0x20 c:/st/stm32cubeide_1.7.0/stm32cubeide/plugins/com.st.stm32cube.ide.mcu.externaltools.gnu-tools-for-stm32.9-2020-q2-update.win32_2.0.0.202105311346/tools/bin/../lib/gcc/arm-none-eabi/9.3.1/../../../../arm-none-eabi/lib/thumb/v7e-m+dp/hard\libc_nano.a(lib_a-closer.o)
                0x0000000008004430                _close_r
 .text._fstat_r
                0x0000000008004450       0x24 c:/st/stm32cubeide_1.7.0/stm32cubeide/plugins/com.st.stm32cube.ide.mcu.externaltools.gnu-tools-for-stm32.9-2020-q2-update.win32_2.0.0.202105311346/tools/bin/../lib/gcc/arm-none-eabi/9.3.1/../../../../arm-none-eabi/lib/thumb/v7e-m+dp/hard\libc_nano.a(lib_a-fstatr.o)
                0x0000000008004450                _fstat_r
 .text._isatty_r
                0x0000000008004474       0x20 c:/st/stm32cubeide_1.7.0/stm32cubeide/plugins/com.st.stm32cube.ide.mcu.externaltools.gnu-tools-for-stm32.9-2020-q2-update.win32_2.0.0.202105311346/tools/bin/../lib/gcc/arm-none-eabi/9.3.1/../../../../arm-none-eabi/lib/thumb/v7e-m+dp/hard\libc_nano.a(lib_a-isattyr.o)
                0x0000000008004474                _isatty_r
 .text._lseek_r
                0x0000000008004494       0x24 c:/st/stm32cubeide_1.7.0/stm32cubeide/plugins/com.st.stm32cube.ide.mcu.externaltools.gnu-tools-for-stm32.9-2020-q2-update.win32_2.0.0.202105311346/tools/bin/../lib/gcc/arm-none-eabi/9.3.1/../../../../arm-none-eabi/lib/thumb/v7e-m+dp/hard\libc_nano.a(lib_a-lseekr.o)
                0x0000000008004494                _lseek_r
 .text.__malloc_lock
                0x00000000080044b8        0xc c:/st/stm32cubeide_1.7.0/stm32cubeide/plugins/com.st.stm32cube.ide.mcu.externaltools.gnu-tools-for-stm32.9-2020-q2-update.win32_2.0.0.202105311346/tools/bin/../lib/gcc/arm-none-eabi/9.3.1/../../../../arm-none-eabi/lib/thumb/v7e-m+dp/hard\libc_nano.a(lib_a-mlock.o)
                0x00000000080044b8                __malloc_lock
 .text.__malloc_unlock
                0x00000000080044c4        0xc c:/st/stm32cubeide_1.7.0/stm32cubeide/plugins/com.st.stm32cube.ide.mcu.externaltools.gnu-tools-for-stm32.9-2020-q2-update.win32_2.0.0.202105311346/tools/bin/../lib/gcc/arm-none-eabi/9.3.1/../../../../arm-none-eabi/lib/thumb/v7e-m+dp/hard\libc_nano.a(lib_a-mlock.o)
                0x00000000080044c4                __malloc_unlock
 .text._read_r  0x00000000080044d0       0x24 c:/st/stm32cubeide_1.7.0/stm32cubeide/plugins/com.st.stm32cube.ide.mcu.externaltools.gnu-tools-for-stm32.9-2020-q2-update.win32_2.0.0.202105311346/tools/bin/../lib/gcc/arm-none-eabi/9.3.1/../../../../arm-none-eabi/lib/thumb/v7e-m+dp/hard\libc_nano.a(lib_a-readr.o)
                0x00000000080044d0                _read_r
 .text._sbrk    0x00000000080044f4       0x1c c:/st/stm32cubeide_1.7.0/stm32cubeide/plugins/com.st.stm32cube.ide.mcu.externaltools.gnu-tools-for-stm32.9-2020-q2-update.win32_2.0.0.202105311346/tools/bin/../lib/gcc/arm-none-eabi/9.3.1/../../../../arm-none-eabi/lib/thumb/v7e-m+dp/hard\libnosys.a(sbrk.o)
                0x00000000080044f4                _sbrk
 *(.glue_7)
 .glue_7        0x0000000008004510        0x0 linker stubs
 *(.glue_7t)
 .glue_7t       0x0000000008004510        0x0 linker stubs
 *(.eh_frame)
 .eh_frame      0x0000000008004510        0x0 c:/st/stm32cubeide_1.7.0/stm32cubeide/plugins/com.st.stm32cube.ide.mcu.externaltools.gnu-tools-for-stm32.9-2020-q2-update.win32_2.0.0.202105311346/tools/bin/../lib/gcc/arm-none-eabi/9.3.1/thumb/v7e-m+dp/hard/crtbegin.o
 *(.init)
 .init          0x0000000008004510        0x4 c:/st/stm32cubeide_1.7.0/stm32cubeide/plugins/com.st.stm32cube.ide.mcu.externaltools.gnu-tools-for-stm32.9-2020-q2-update.win32_2.0.0.202105311346/tools/bin/../lib/gcc/arm-none-eabi/9.3.1/thumb/v7e-m+dp/hard/crti.o
                0x0000000008004510                _init
 .init          0x0000000008004514        0x8 c:/st/stm32cubeide_1.7.0/stm32cubeide/plugins/com.st.stm32cube.ide.mcu.externaltools.gnu-tools-for-stm32.9-2020-q2-update.win32_2.0.0.202105311346/tools/bin/../lib/gcc/arm-none-eabi/9.3.1/thumb/v7e-m+dp/hard/crtn.o
 *(.fini)
 .fini          0x000000000800451c        0x4 c:/st/stm32cubeide_1.7.0/stm32cubeide/plugins/com.st.stm32cube.ide.mcu.externaltools.gnu-tools-for-stm32.9-2020-q2-update.win32_2.0.0.202105311346/tools/bin/../lib/gcc/arm-none-eabi/9.3.1/thumb/v7e-m+dp/hard/crti.o
                0x000000000800451c                _fini
 .fini          0x0000000008004520        0x8 c:/st/stm32cubeide_1.7.0/stm32cubeide/plugins/com.st.stm32cube.ide.mcu.externaltools.gnu-tools-for-stm32.9-2020-q2-update.win32_2.0.0.202105311346/tools/bin/../lib/gcc/arm-none-eabi/9.3.1/thumb/v7e-m+dp/hard/crtn.o
                0x0000000008004528                . = ALIGN (0x4)
                0x0000000008004528                _etext = .

.vfp11_veneer   0x0000000008004528        0x0
 .vfp11_veneer  0x0000000008004528        0x0 linker stubs

.v4_bx          0x0000000008004528        0x0
 .v4_bx         0x0000000008004528        0x0 linker stubs

.iplt           0x0000000008004528        0x0
 .iplt          0x0000000008004528        0x0 c:/st/stm32cubeide_1.7.0/stm32cubeide/plugins/com.st.stm32cube.ide.mcu.externaltools.gnu-tools-for-stm32.9-2020-q2-update.win32_2.0.0.202105311346/tools/bin/../lib/gcc/arm-none-eabi/9.3.1/thumb/v7e-m+dp/hard/crtbegin.o

.rodata         0x0000000008004528       0xe4
                0x0000000008004528                . = ALIGN (0x4)
 *(.rodata)
 .rodata        0x0000000008004528       0x3f ./Core/Src/main.o
 *fill*         0x0000000008004567        0x1 
 .rodata        0x0000000008004568       0x17 ./ThirdParty/FreeRTOS/tasks.o
 *fill*         0x000000000800457f        0x1 
 .rodata        0x0000000008004580        0xd ./ThirdParty/FreeRTOS/timers.o
 *(.rodata*)
 *fill*         0x000000000800458d        0x3 
 .rodata.AHBPrescTable
                0x0000000008004590       0x10 ./Core/Src/system_stm32f7xx.o
                0x0000000008004590                AHBPrescTable
 .rodata.APBPrescTable
                0x00000000080045a0        0x8 ./Core/Src/system_stm32f7xx.o
                0x00000000080045a0                APBPrescTable
 .rodata._global_impure_ptr
                0x00000000080045a8        0x4 c:/st/stm32cubeide_1.7.0/stm32cubeide/plugins/com.st.stm32cube.ide.mcu.externaltools.gnu-tools-for-stm32.9-2020-q2-update.win32_2.0.0.202105311346/tools/bin/../lib/gcc/arm-none-eabi/9.3.1/../../../../arm-none-eabi/lib/thumb/v7e-m+dp/hard\libc_nano.a(lib_a-impure.o)
                0x00000000080045a8                _global_impure_ptr
 .rodata.__sf_fake_stderr
                0x00000000080045ac       0x20 c:/st/stm32cubeide_1.7.0/stm32cubeide/plugins/com.st.stm32cube.ide.mcu.externaltools.gnu-tools-for-stm32.9-2020-q2-update.win32_2.0.0.202105311346/tools/bin/../lib/gcc/arm-none-eabi/9.3.1/../../../../arm-none-eabi/lib/thumb/v7e-m+dp/hard\libc_nano.a(lib_a-findfp.o)
                0x00000000080045ac                __sf_fake_stderr
 .rodata.__sf_fake_stdin
                0x00000000080045cc       0x20 c:/st/stm32cubeide_1.7.0/stm32cubeide/plugins/com.st.stm32cube.ide.mcu.externaltools.gnu-tools-for-stm32.9-2020-q2-update.win32_2.0.0.202105311346/tools/bin/../lib/gcc/arm-none-eabi/9.3.1/../../../../arm-none-eabi/lib/thumb/v7e-m+dp/hard\libc_nano.a(lib_a-findfp.o)
                0x00000000080045cc                __sf_fake_stdin
 .rodata.__sf_fake_stdout
                0x00000000080045ec       0x20 c:/st/stm32cubeide_1.7.0/stm32cubeide/plugins/com.st.stm32cube.ide.mcu.externaltools.gnu-tools-for-stm32.9-2020-q2-update.win32_2.0.0.202105311346/tools/bin/../lib/gcc/arm-none-eabi/9.3.1/../../../../arm-none-eabi/lib/thumb/v7e-m+dp/hard\libc_nano.a(lib_a-findfp.o)
                0x00000000080045ec                __sf_fake_stdout
                0x000000000800460c                . = ALIGN (0x4)

.ARM.extab      0x000000000800460c        0x0
                0x000000000800460c                . = ALIGN (0x4)
 *(.ARM.extab* .gnu.linkonce.armextab.*)
                0x000000000800460c                . = ALIGN (0x4)

.ARM            0x000000000800460c        0x8
                0x000000000800460c                . = ALIGN (0x4)
                0x000000000800460c                __exidx_start = .
 *(.ARM.exidx*)
 .ARM.exidx     0x000000000800460c        0x8 c:/st/stm32cubeide_1.7.0/stm32cubeide/plugins/com.st.stm32cube.ide.mcu.externaltools.gnu-tools-for-stm32.9-2020-q2-update.win32_2.0.0.202105311346/tools/bin/../lib/gcc/arm-none-eabi/9.3.1/thumb/v7e-m+dp/hard\libgcc.a(_udivmoddi4.o)
                0x0000000008004614                __exidx_end = .
                0x0000000008004614                . = ALIGN (0x4)

.rel.dyn        0x0000000008004614        0x0
 .rel.iplt      0x0000000008004614        0x0 c:/st/stm32cubeide_1.7.0/stm32cubeide/plugins/com.st.stm32cube.ide.mcu.externaltools.gnu-tools-for-stm32.9-2020-q2-update.win32_2.0.0.202105311346/tools/bin/../lib/gcc/arm-none-eabi/9.3.1/thumb/v7e-m+dp/hard/crtbegin.o

.preinit_array  0x0000000008004614        0x0
                0x0000000008004614                . = ALIGN (0x4)
                0x0000000008004614                PROVIDE (__preinit_array_start = .)
 *(.preinit_array*)
                0x0000000008004614                PROVIDE (__preinit_array_end = .)
                0x0000000008004614                . = ALIGN (0x4)

.init_array     0x0000000008004614        0x4
                0x0000000008004614                . = ALIGN (0x4)
                0x0000000008004614                PROVIDE (__init_array_start = .)
 *(SORT_BY_NAME(.init_array.*))
 *(.init_array*)
 .init_array    0x0000000008004614        0x4 c:/st/stm32cubeide_1.7.0/stm32cubeide/plugins/com.st.stm32cube.ide.mcu.externaltools.gnu-tools-for-stm32.9-2020-q2-update.win32_2.0.0.202105311346/tools/bin/../lib/gcc/arm-none-eabi/9.3.1/thumb/v7e-m+dp/hard/crtbegin.o
                0x0000000008004618                PROVIDE (__init_array_end = .)
                0x0000000008004618                . = ALIGN (0x4)

.fini_array     0x0000000008004618        0x4
                0x0000000008004618                . = ALIGN (0x4)
                [!provide]                        PROVIDE (__fini_array_start = .)
 *(SORT_BY_NAME(.fini_array.*))
 *(.fini_array*)
 .fini_array    0x0000000008004618        0x4 c:/st/stm32cubeide_1.7.0/stm32cubeide/plugins/com.st.stm32cube.ide.mcu.externaltools.gnu-tools-for-stm32.9-2020-q2-update.win32_2.0.0.202105311346/tools/bin/../lib/gcc/arm-none-eabi/9.3.1/thumb/v7e-m+dp/hard/crtbegin.o
                [!provide]                        PROVIDE (__fini_array_end = .)
                0x000000000800461c                . = ALIGN (0x4)
                0x000000000800461c                _sidata = LOADADDR (.data)

.data           0x0000000020000000       0x78 load address 0x000000000800461c
                0x0000000020000000                . = ALIGN (0x4)
                0x0000000020000000                _sdata = .
 *(.data)
 *(.data*)
 .data.SystemCoreClock
                0x0000000020000000        0x4 ./Core/Src/system_stm32f7xx.o
                0x0000000020000000                SystemCoreClock
 .data.uwTickPrio
                0x0000000020000004        0x4 ./Drivers/STM32F7xx_HAL_Driver/Src/stm32f7xx_hal.o
                0x0000000020000004                uwTickPrio
 .data.uwTickFreq
                0x0000000020000008        0x1 ./Drivers/STM32F7xx_HAL_Driver/Src/stm32f7xx_hal.o
                0x0000000020000008                uwTickFreq
 *fill*         0x0000000020000009        0x3 
 .data.uxTopUsedPriority
                0x000000002000000c        0x4 ./ThirdParty/FreeRTOS/tasks.o
                0x000000002000000c                uxTopUsedPriority
 .data.uxCriticalNesting
                0x0000000020000010        0x4 ./ThirdParty/FreeRTOS/portable/GCC/ARM_CM7/r0p1/port.o
 .data._impure_ptr
                0x0000000020000014        0x4 c:/st/stm32cubeide_1.7.0/stm32cubeide/plugins/com.st.stm32cube.ide.mcu.externaltools.gnu-tools-for-stm32.9-2020-q2-update.win32_2.0.0.202105311346/tools/bin/../lib/gcc/arm-none-eabi/9.3.1/../../../../arm-none-eabi/lib/thumb/v7e-m+dp/hard\libc_nano.a(lib_a-impure.o)
                0x0000000020000014                _impure_ptr
 .data.impure_data
                0x0000000020000018       0x60 c:/st/stm32cubeide_1.7.0/stm32cubeide/plugins/com.st.stm32cube.ide.mcu.externaltools.gnu-tools-for-stm32.9-2020-q2-update.win32_2.0.0.202105311346/tools/bin/../lib/gcc/arm-none-eabi/9.3.1/../../../../arm-none-eabi/lib/thumb/v7e-m+dp/hard\libc_nano.a(lib_a-impure.o)
 *(.RamFunc)
 *(.RamFunc*)
                0x0000000020000078                . = ALIGN (0x4)
                0x0000000020000078                _edata = .

.igot.plt       0x0000000020000078        0x0 load address 0x0000000008004694
 .igot.plt      0x0000000020000078        0x0 c:/st/stm32cubeide_1.7.0/stm32cubeide/plugins/com.st.stm32cube.ide.mcu.externaltools.gnu-tools-for-stm32.9-2020-q2-update.win32_2.0.0.202105311346/tools/bin/../lib/gcc/arm-none-eabi/9.3.1/thumb/v7e-m+dp/hard/crtbegin.o
                0x0000000020000078                . = ALIGN (0x4)

.bss            0x0000000020000078     0xba28 load address 0x0000000008004694
                0x0000000020000078                _sbss = .
                0x0000000020000078                __bss_start__ = _sbss
 *(.bss)
 .bss           0x0000000020000078       0x1c c:/st/stm32cubeide_1.7.0/stm32cubeide/plugins/com.st.stm32cube.ide.mcu.externaltools.gnu-tools-for-stm32.9-2020-q2-update.win32_2.0.0.202105311346/tools/bin/../lib/gcc/arm-none-eabi/9.3.1/thumb/v7e-m+dp/hard/crtbegin.o
 *(.bss*)
 .bss.pxCurrentTCB
                0x0000000020000094        0x4 ./ThirdParty/FreeRTOS/tasks.o
                0x0000000020000094                pxCurrentTCB
 .bss.pxReadyTasksLists
                0x0000000020000098       0x64 ./ThirdParty/FreeRTOS/tasks.o
 .bss.xDelayedTaskList1
                0x00000000200000fc       0x14 ./ThirdParty/FreeRTOS/tasks.o
 .bss.xDelayedTaskList2
                0x0000000020000110       0x14 ./ThirdParty/FreeRTOS/tasks.o
 .bss.pxDelayedTaskList
                0x0000000020000124        0x4 ./ThirdParty/FreeRTOS/tasks.o
 .bss.pxOverflowDelayedTaskList
                0x0000000020000128        0x4 ./ThirdParty/FreeRTOS/tasks.o
 .bss.xPendingReadyList
                0x000000002000012c       0x14 ./ThirdParty/FreeRTOS/tasks.o
 .bss.xTasksWaitingTermination
                0x0000000020000140       0x14 ./ThirdParty/FreeRTOS/tasks.o
 .bss.uxDeletedTasksWaitingCleanUp
                0x0000000020000154        0x4 ./ThirdParty/FreeRTOS/tasks.o
 .bss.xSuspendedTaskList
                0x0000000020000158       0x14 ./ThirdParty/FreeRTOS/tasks.o
 .bss.uxCurrentNumberOfTasks
                0x000000002000016c        0x4 ./ThirdParty/FreeRTOS/tasks.o
 .bss.xTickCount
                0x0000000020000170        0x4 ./ThirdParty/FreeRTOS/tasks.o
 .bss.uxTopReadyPriority
                0x0000000020000174        0x4 ./ThirdParty/FreeRTOS/tasks.o
 .bss.xSchedulerRunning
                0x0000000020000178        0x4 ./ThirdParty/FreeRTOS/tasks.o
 .bss.xPendedTicks
                0x000000002000017c        0x4 ./ThirdParty/FreeRTOS/tasks.o
 .bss.xYieldPending
                0x0000000020000180        0x4 ./ThirdParty/FreeRTOS/tasks.o
 .bss.xNumOfOverflows
                0x0000000020000184        0x4 ./ThirdParty/FreeRTOS/tasks.o
 .bss.uxTaskNumber
                0x0000000020000188        0x4 ./ThirdParty/FreeRTOS/tasks.o
 .bss.xNextTaskUnblockTime
                0x000000002000018c        0x4 ./ThirdParty/FreeRTOS/tasks.o
 .bss.xIdleTaskHandle
                0x0000000020000190        0x4 ./ThirdParty/FreeRTOS/tasks.o
 .bss.uxSchedulerSuspended
                0x0000000020000194        0x4 ./ThirdParty/FreeRTOS/tasks.o
 .bss.xActiveTimerList1
                0x0000000020000198       0x14 ./ThirdParty/FreeRTOS/timers.o
 .bss.xActiveTimerList2
                0x00000000200001ac       0x14 ./ThirdParty/FreeRTOS/timers.o
 .bss.pxCurrentTimerList
                0x00000000200001c0        0x4 ./ThirdParty/FreeRTOS/timers.o
 .bss.pxOverflowTimerList
                0x00000000200001c4        0x4 ./ThirdParty/FreeRTOS/timers.o
 .bss.xTimerQueue
                0x00000000200001c8        0x4 ./ThirdParty/FreeRTOS/timers.o
 .bss.xTimerTaskHandle
                0x00000000200001cc        0x4 ./ThirdParty/FreeRTOS/timers.o
 .bss.xLastTime.10132
                0x00000000200001d0        0x4 ./ThirdParty/FreeRTOS/timers.o
 .bss.ucHeap    0x00000000200001d4     0xb800 ./ThirdParty/FreeRTOS/portable/MemMang/heap_4.o
 .bss.xStart    0x000000002000b9d4        0x8 ./ThirdParty/FreeRTOS/portable/MemMang/heap_4.o
 .bss.pxEnd     0x000000002000b9dc        0x4 ./ThirdParty/FreeRTOS/portable/MemMang/heap_4.o
 .bss.xFreeBytesRemaining
                0x000000002000b9e0        0x4 ./ThirdParty/FreeRTOS/portable/MemMang/heap_4.o
 .bss.xMinimumEverFreeBytesRemaining
                0x000000002000b9e4        0x4 ./ThirdParty/FreeRTOS/portable/MemMang/heap_4.o
 .bss.xNumberOfSuccessfulAllocations
                0x000000002000b9e8        0x4 ./ThirdParty/FreeRTOS/portable/MemMang/heap_4.o
 .bss.xNumberOfSuccessfulFrees
                0x000000002000b9ec        0x4 ./ThirdParty/FreeRTOS/portable/MemMang/heap_4.o
 .bss.xBlockAllocatedBit
                0x000000002000b9f0        0x4 ./ThirdParty/FreeRTOS/portable/MemMang/heap_4.o
 .bss.__malloc_free_list
                0x000000002000b9f4        0x4 c:/st/stm32cubeide_1.7.0/stm32cubeide/plugins/com.st.stm32cube.ide.mcu.externaltools.gnu-tools-for-stm32.9-2020-q2-update.win32_2.0.0.202105311346/tools/bin/../lib/gcc/arm-none-eabi/9.3.1/../../../../arm-none-eabi/lib/thumb/v7e-m+dp/hard\libc_nano.a(lib_a-nano-mallocr.o)
                0x000000002000b9f4                __malloc_free_list
 .bss.__malloc_sbrk_start
                0x000000002000b9f8        0x4 c:/st/stm32cubeide_1.7.0/stm32cubeide/plugins/com.st.stm32cube.ide.mcu.externaltools.gnu-tools-for-stm32.9-2020-q2-update.win32_2.0.0.202105311346/tools/bin/../lib/gcc/arm-none-eabi/9.3.1/../../../../arm-none-eabi/lib/thumb/v7e-m+dp/hard\libc_nano.a(lib_a-nano-mallocr.o)
                0x000000002000b9f8                __malloc_sbrk_start
 .bss.heap_end.5507
                0x000000002000b9fc        0x4 c:/st/stm32cubeide_1.7.0/stm32cubeide/plugins/com.st.stm32cube.ide.mcu.externaltools.gnu-tools-for-stm32.9-2020-q2-update.win32_2.0.0.202105311346/tools/bin/../lib/gcc/arm-none-eabi/9.3.1/../../../../arm-none-eabi/lib/thumb/v7e-m+dp/hard\libnosys.a(sbrk.o)
 *(COMMON)
 COMMON         0x000000002000ba00       0x4c ./Core/Src/stm32f7xx_hal_timebase_tim.o
                0x000000002000ba00                htim6
 COMMON         0x000000002000ba4c        0x4 ./Drivers/STM32F7xx_HAL_Driver/Src/stm32f7xx_hal.o
                0x000000002000ba4c                uwTick
 COMMON         0x000000002000ba50       0x40 ./ThirdParty/FreeRTOS/queue.o
                0x000000002000ba50                xQueueRegistry
 COMMON         0x000000002000ba90        0x9 c:/st/stm32cubeide_1.7.0/stm32cubeide/plugins/com.st.stm32cube.ide.mcu.externaltools.gnu-tools-for-stm32.9-2020-q2-update.win32_2.0.0.202105311346/tools/bin/../lib/gcc/arm-none-eabi/9.3.1/../../../../arm-none-eabi/lib/thumb/v7e-m+dp/hard\libc_nano.a(lib_a-lock.o)
                0x000000002000ba90                __lock___atexit_recursive_mutex
                0x000000002000ba91                __lock___arc4random_mutex
                0x000000002000ba92                __lock___env_recursive_mutex
                0x000000002000ba93                __lock___sinit_recursive_mutex
                0x000000002000ba94                __lock___malloc_recursive_mutex
                0x000000002000ba95                __lock___at_quick_exit_mutex
                0x000000002000ba96                __lock___dd_hash_mutex
                0x000000002000ba97                __lock___tz_mutex
                0x000000002000ba98                __lock___sfp_recursive_mutex
 *fill*         0x000000002000ba99        0x3 
 COMMON         0x000000002000ba9c        0x4 c:/st/stm32cubeide_1.7.0/stm32cubeide/plugins/com.st.stm32cube.ide.mcu.externaltools.gnu-tools-for-stm32.9-2020-q2-update.win32_2.0.0.202105311346/tools/bin/../lib/gcc/arm-none-eabi/9.3.1/../../../../arm-none-eabi/lib/thumb/v7e-m+dp/hard\libc_nano.a(lib_a-reent.o)
                0x000000002000ba9c                errno
                0x000000002000baa0                . = ALIGN (0x4)
                0x000000002000baa0                _ebss = .
                0x000000002000baa0                __bss_end__ = _ebss

._user_heap_stack
                0x000000002000baa0      0x600 load address 0x0000000008004694
                0x000000002000baa0                . = ALIGN (0x8)
                0x000000002000baa0                PROVIDE (end = .)
                [!provide]                        PROVIDE (_end = .)
                0x000000002000bca0                . = (. + _Min_Heap_Size)
 *fill*         0x000000002000baa0      0x200 
                0x000000002000c0a0                . = (. + _Min_Stack_Size)
 *fill*         0x000000002000bca0      0x400 
                0x000000002000c0a0                . = ALIGN (0x8)

/DISCARD/
 libc.a(*)
 libm.a(*)
 libgcc.a(*)

.ARM.attributes
                0x0000000000000000       0x2e
 *(.ARM.attributes)
 .ARM.attributes
                0x0000000000000000       0x1e c:/st/stm32cubeide_1.7.0/stm32cubeide/plugins/com.st.stm32cube.ide.mcu.externaltools.gnu-tools-for-stm32.9-2020-q2-update.win32_2.0.0.202105311346/tools/bin/../lib/gcc/arm-none-eabi/9.3.1/thumb/v7e-m+dp/hard/crti.o
 .ARM.attributes
                0x000000000000001e       0x32 c:/st/stm32cubeide_1.7.0/stm32cubeide/plugins/com.st.stm32cube.ide.mcu.externaltools.gnu-tools-for-stm32.9-2020-q2-update.win32_2.0.0.202105311346/tools/bin/../lib/gcc/arm-none-eabi/9.3.1/thumb/v7e-m+dp/hard/crtbegin.o
 .ARM.attributes
                0x0000000000000050       0x32 ./Core/Src/main.o
 .ARM.attributes
                0x0000000000000082       0x32 ./Core/Src/stm32f7xx_hal_msp.o
 .ARM.attributes
                0x00000000000000b4       0x32 ./Core/Src/stm32f7xx_hal_timebase_tim.o
 .ARM.attributes
                0x00000000000000e6       0x32 ./Core/Src/stm32f7xx_it.o
 .ARM.attributes
                0x0000000000000118       0x32 ./Core/Src/syscalls.o
 .ARM.attributes
                0x000000000000014a       0x32 ./Core/Src/system_stm32f7xx.o
 .ARM.attributes
                0x000000000000017c       0x21 ./Core/Startup/startup_stm32f767zitx.o
 .ARM.attributes
                0x000000000000019d       0x32 ./Drivers/STM32F7xx_HAL_Driver/Src/stm32f7xx_hal.o
 .ARM.attributes
                0x00000000000001cf       0x32 ./Drivers/STM32F7xx_HAL_Driver/Src/stm32f7xx_hal_cortex.o
 .ARM.attributes
                0x0000000000000201       0x32 ./Drivers/STM32F7xx_HAL_Driver/Src/stm32f7xx_hal_rcc.o
 .ARM.attributes
                0x0000000000000233       0x32 ./Drivers/STM32F7xx_HAL_Driver/Src/stm32f7xx_hal_tim.o
 .ARM.attributes
                0x0000000000000265       0x32 ./Drivers/STM32F7xx_HAL_Driver/Src/stm32f7xx_hal_tim_ex.o
 .ARM.attributes
                0x0000000000000297       0x32 ./ThirdParty/FreeRTOS/list.o
 .ARM.attributes
                0x00000000000002c9       0x32 ./ThirdParty/FreeRTOS/queue.o
 .ARM.attributes
                0x00000000000002fb       0x32 ./ThirdParty/FreeRTOS/tasks.o
 .ARM.attributes
                0x000000000000032d       0x32 ./ThirdParty/FreeRTOS/timers.o
 .ARM.attributes
                0x000000000000035f       0x32 ./ThirdParty/FreeRTOS/portable/GCC/ARM_CM7/r0p1/port.o
 .ARM.attributes
                0x0000000000000391       0x32 ./ThirdParty/FreeRTOS/portable/MemMang/heap_4.o
 .ARM.attributes
                0x00000000000003c3       0x30 c:/st/stm32cubeide_1.7.0/stm32cubeide/plugins/com.st.stm32cube.ide.mcu.externaltools.gnu-tools-for-stm32.9-2020-q2-update.win32_2.0.0.202105311346/tools/bin/../lib/gcc/arm-none-eabi/9.3.1/../../../../arm-none-eabi/lib/thumb/v7e-m+dp/hard\libc_nano.a(lib_a-impure.o)
 .ARM.attributes
                0x00000000000003f3       0x32 c:/st/stm32cubeide_1.7.0/stm32cubeide/plugins/com.st.stm32cube.ide.mcu.externaltools.gnu-tools-for-stm32.9-2020-q2-update.win32_2.0.0.202105311346/tools/bin/../lib/gcc/arm-none-eabi/9.3.1/../../../../arm-none-eabi/lib/thumb/v7e-m+dp/hard\libc_nano.a(lib_a-init.o)
 .ARM.attributes
                0x0000000000000425       0x32 c:/st/stm32cubeide_1.7.0/stm32cubeide/plugins/com.st.stm32cube.ide.mcu.externaltools.gnu-tools-for-stm32.9-2020-q2-update.win32_2.0.0.202105311346/tools/bin/../lib/gcc/arm-none-eabi/9.3.1/../../../../arm-none-eabi/lib/thumb/v7e-m+dp/hard\libc_nano.a(lib_a-memcpy-stub.o)
 .ARM.attributes
                0x0000000000000457       0x32 c:/st/stm32cubeide_1.7.0/stm32cubeide/plugins/com.st.stm32cube.ide.mcu.externaltools.gnu-tools-for-stm32.9-2020-q2-update.win32_2.0.0.202105311346/tools/bin/../lib/gcc/arm-none-eabi/9.3.1/../../../../arm-none-eabi/lib/thumb/v7e-m+dp/hard\libc_nano.a(lib_a-memset.o)
 .ARM.attributes
                0x0000000000000489       0x32 c:/st/stm32cubeide_1.7.0/stm32cubeide/plugins/com.st.stm32cube.ide.mcu.externaltools.gnu-tools-for-stm32.9-2020-q2-update.win32_2.0.0.202105311346/tools/bin/../lib/gcc/arm-none-eabi/9.3.1/../../../../arm-none-eabi/lib/thumb/v7e-m+dp/hard\libc_nano.a(lib_a-puts.o)
 .ARM.attributes
                0x00000000000004bb       0x32 c:/st/stm32cubeide_1.7.0/stm32cubeide/plugins/com.st.stm32cube.ide.mcu.externaltools.gnu-tools-for-stm32.9-2020-q2-update.win32_2.0.0.202105311346/tools/bin/../lib/gcc/arm-none-eabi/9.3.1/../../../../arm-none-eabi/lib/thumb/v7e-m+dp/hard\libc_nano.a(lib_a-wbuf.o)
 .ARM.attributes
                0x00000000000004ed       0x32 c:/st/stm32cubeide_1.7.0/stm32cubeide/plugins/com.st.stm32cube.ide.mcu.externaltools.gnu-tools-for-stm32.9-2020-q2-update.win32_2.0.0.202105311346/tools/bin/../lib/gcc/arm-none-eabi/9.3.1/../../../../arm-none-eabi/lib/thumb/v7e-m+dp/hard\libc_nano.a(lib_a-wsetup.o)
 .ARM.attributes
                0x000000000000051f       0x32 c:/st/stm32cubeide_1.7.0/stm32cubeide/plugins/com.st.stm32cube.ide.mcu.externaltools.gnu-tools-for-stm32.9-2020-q2-update.win32_2.0.0.202105311346/tools/bin/../lib/gcc/arm-none-eabi/9.3.1/../../../../arm-none-eabi/lib/thumb/v7e-m+dp/hard\libc_nano.a(lib_a-fflush.o)
 .ARM.attributes
                0x0000000000000551       0x32 c:/st/stm32cubeide_1.7.0/stm32cubeide/plugins/com.st.stm32cube.ide.mcu.externaltools.gnu-tools-for-stm32.9-2020-q2-update.win32_2.0.0.202105311346/tools/bin/../lib/gcc/arm-none-eabi/9.3.1/../../../../arm-none-eabi/lib/thumb/v7e-m+dp/hard\libc_nano.a(lib_a-findfp.o)
 .ARM.attributes
                0x0000000000000583       0x32 c:/st/stm32cubeide_1.7.0/stm32cubeide/plugins/com.st.stm32cube.ide.mcu.externaltools.gnu-tools-for-stm32.9-2020-q2-update.win32_2.0.0.202105311346/tools/bin/../lib/gcc/arm-none-eabi/9.3.1/../../../../arm-none-eabi/lib/thumb/v7e-m+dp/hard\libc_nano.a(lib_a-fwalk.o)
 .ARM.attributes
                0x00000000000005b5       0x32 c:/st/stm32cubeide_1.7.0/stm32cubeide/plugins/com.st.stm32cube.ide.mcu.externaltools.gnu-tools-for-stm32.9-2020-q2-update.win32_2.0.0.202105311346/tools/bin/../lib/gcc/arm-none-eabi/9.3.1/../../../../arm-none-eabi/lib/thumb/v7e-m+dp/hard\libc_nano.a(lib_a-lock.o)
 .ARM.attributes
                0x00000000000005e7       0x32 c:/st/stm32cubeide_1.7.0/stm32cubeide/plugins/com.st.stm32cube.ide.mcu.externaltools.gnu-tools-for-stm32.9-2020-q2-update.win32_2.0.0.202105311346/tools/bin/../lib/gcc/arm-none-eabi/9.3.1/../../../../arm-none-eabi/lib/thumb/v7e-m+dp/hard\libc_nano.a(lib_a-makebuf.o)
 .ARM.attributes
                0x0000000000000619       0x32 c:/st/stm32cubeide_1.7.0/stm32cubeide/plugins/com.st.stm32cube.ide.mcu.externaltools.gnu-tools-for-stm32.9-2020-q2-update.win32_2.0.0.202105311346/tools/bin/../lib/gcc/arm-none-eabi/9.3.1/../../../../arm-none-eabi/lib/thumb/v7e-m+dp/hard\libc_nano.a(lib_a-nano-freer.o)
 .ARM.attributes
                0x000000000000064b       0x32 c:/st/stm32cubeide_1.7.0/stm32cubeide/plugins/com.st.stm32cube.ide.mcu.externaltools.gnu-tools-for-stm32.9-2020-q2-update.win32_2.0.0.202105311346/tools/bin/../lib/gcc/arm-none-eabi/9.3.1/../../../../arm-none-eabi/lib/thumb/v7e-m+dp/hard\libc_nano.a(lib_a-nano-mallocr.o)
 .ARM.attributes
                0x000000000000067d       0x32 c:/st/stm32cubeide_1.7.0/stm32cubeide/plugins/com.st.stm32cube.ide.mcu.externaltools.gnu-tools-for-stm32.9-2020-q2-update.win32_2.0.0.202105311346/tools/bin/../lib/gcc/arm-none-eabi/9.3.1/../../../../arm-none-eabi/lib/thumb/v7e-m+dp/hard\libc_nano.a(lib_a-sbrkr.o)
 .ARM.attributes
                0x00000000000006af       0x32 c:/st/stm32cubeide_1.7.0/stm32cubeide/plugins/com.st.stm32cube.ide.mcu.externaltools.gnu-tools-for-stm32.9-2020-q2-update.win32_2.0.0.202105311346/tools/bin/../lib/gcc/arm-none-eabi/9.3.1/../../../../arm-none-eabi/lib/thumb/v7e-m+dp/hard\libc_nano.a(lib_a-stdio.o)
 .ARM.attributes
                0x00000000000006e1       0x32 c:/st/stm32cubeide_1.7.0/stm32cubeide/plugins/com.st.stm32cube.ide.mcu.externaltools.gnu-tools-for-stm32.9-2020-q2-update.win32_2.0.0.202105311346/tools/bin/../lib/gcc/arm-none-eabi/9.3.1/../../../../arm-none-eabi/lib/thumb/v7e-m+dp/hard\libc_nano.a(lib_a-writer.o)
 .ARM.attributes
                0x0000000000000713       0x32 c:/st/stm32cubeide_1.7.0/stm32cubeide/plugins/com.st.stm32cube.ide.mcu.externaltools.gnu-tools-for-stm32.9-2020-q2-update.win32_2.0.0.202105311346/tools/bin/../lib/gcc/arm-none-eabi/9.3.1/../../../../arm-none-eabi/lib/thumb/v7e-m+dp/hard\libc_nano.a(lib_a-closer.o)
 .ARM.attributes
                0x0000000000000745       0x32 c:/st/stm32cubeide_1.7.0/stm32cubeide/plugins/com.st.stm32cube.ide.mcu.externaltools.gnu-tools-for-stm32.9-2020-q2-update.win32_2.0.0.202105311346/tools/bin/../lib/gcc/arm-none-eabi/9.3.1/../../../../arm-none-eabi/lib/thumb/v7e-m+dp/hard\libc_nano.a(lib_a-fstatr.o)
 .ARM.attributes
                0x0000000000000777       0x32 c:/st/stm32cubeide_1.7.0/stm32cubeide/plugins/com.st.stm32cube.ide.mcu.externaltools.gnu-tools-for-stm32.9-2020-q2-update.win32_2.0.0.202105311346/tools/bin/../lib/gcc/arm-none-eabi/9.3.1/../../../../arm-none-eabi/lib/thumb/v7e-m+dp/hard\libc_nano.a(lib_a-isattyr.o)
 .ARM.attributes
                0x00000000000007a9       0x32 c:/st/stm32cubeide_1.7.0/stm32cubeide/plugins/com.st.stm32cube.ide.mcu.externaltools.gnu-tools-for-stm32.9-2020-q2-update.win32_2.0.0.202105311346/tools/bin/../lib/gcc/arm-none-eabi/9.3.1/../../../../arm-none-eabi/lib/thumb/v7e-m+dp/hard\libc_nano.a(lib_a-lseekr.o)
 .ARM.attributes
                0x00000000000007db       0x32 c:/st/stm32cubeide_1.7.0/stm32cubeide/plugins/com.st.stm32cube.ide.mcu.externaltools.gnu-tools-for-stm32.9-2020-q2-update.win32_2.0.0.202105311346/tools/bin/../lib/gcc/arm-none-eabi/9.3.1/../../../../arm-none-eabi/lib/thumb/v7e-m+dp/hard\libc_nano.a(lib_a-mlock.o)
 .ARM.attributes
                0x000000000000080d       0x32 c:/st/stm32cubeide_1.7.0/stm32cubeide/plugins/com.st.stm32cube.ide.mcu.externaltools.gnu-tools-for-stm32.9-2020-q2-update.win32_2.0.0.202105311346/tools/bin/../lib/gcc/arm-none-eabi/9.3.1/../../../../arm-none-eabi/lib/thumb/v7e-m+dp/hard\libc_nano.a(lib_a-readr.o)
 .ARM.attributes
                0x000000000000083f       0x32 c:/st/stm32cubeide_1.7.0/stm32cubeide/plugins/com.st.stm32cube.ide.mcu.externaltools.gnu-tools-for-stm32.9-2020-q2-update.win32_2.0.0.202105311346/tools/bin/../lib/gcc/arm-none-eabi/9.3.1/../../../../arm-none-eabi/lib/thumb/v7e-m+dp/hard\libc_nano.a(lib_a-reent.o)
 .ARM.attributes
                0x0000000000000871       0x1e c:/st/stm32cubeide_1.7.0/stm32cubeide/plugins/com.st.stm32cube.ide.mcu.externaltools.gnu-tools-for-stm32.9-2020-q2-update.win32_2.0.0.202105311346/tools/bin/../lib/gcc/arm-none-eabi/9.3.1/thumb/v7e-m+dp/hard\libgcc.a(_aeabi_uldivmod.o)
 .ARM.attributes
                0x000000000000088f       0x32 c:/st/stm32cubeide_1.7.0/stm32cubeide/plugins/com.st.stm32cube.ide.mcu.externaltools.gnu-tools-for-stm32.9-2020-q2-update.win32_2.0.0.202105311346/tools/bin/../lib/gcc/arm-none-eabi/9.3.1/thumb/v7e-m+dp/hard\libgcc.a(_udivmoddi4.o)
 .ARM.attributes
                0x00000000000008c1       0x1e c:/st/stm32cubeide_1.7.0/stm32cubeide/plugins/com.st.stm32cube.ide.mcu.externaltools.gnu-tools-for-stm32.9-2020-q2-update.win32_2.0.0.202105311346/tools/bin/../lib/gcc/arm-none-eabi/9.3.1/thumb/v7e-m+dp/hard\libgcc.a(_dvmd_tls.o)
 .ARM.attributes
                0x00000000000008df       0x32 c:/st/stm32cubeide_1.7.0/stm32cubeide/plugins/com.st.stm32cube.ide.mcu.externaltools.gnu-tools-for-stm32.9-2020-q2-update.win32_2.0.0.202105311346/tools/bin/../lib/gcc/arm-none-eabi/9.3.1/../../../../arm-none-eabi/lib/thumb/v7e-m+dp/hard\libnosys.a(sbrk.o)
 .ARM.attributes
                0x0000000000000911       0x1e c:/st/stm32cubeide_1.7.0/stm32cubeide/plugins/com.st.stm32cube.ide.mcu.externaltools.gnu-tools-for-stm32.9-2020-q2-update.win32_2.0.0.202105311346/tools/bin/../lib/gcc/arm-none-eabi/9.3.1/thumb/v7e-m+dp/hard/crtn.o
OUTPUT(001Tasks.elf elf32-littlearm)
LOAD linker stubs
LOAD c:/st/stm32cubeide_1.7.0/stm32cubeide/plugins/com.st.stm32cube.ide.mcu.externaltools.gnu-tools-for-stm32.9-2020-q2-update.win32_2.0.0.202105311346/tools/bin/../lib/gcc/arm-none-eabi/9.3.1/../../../../arm-none-eabi/lib/thumb/v7e-m+dp/hard\libc.a
LOAD c:/st/stm32cubeide_1.7.0/stm32cubeide/plugins/com.st.stm32cube.ide.mcu.externaltools.gnu-tools-for-stm32.9-2020-q2-update.win32_2.0.0.202105311346/tools/bin/../lib/gcc/arm-none-eabi/9.3.1/../../../../arm-none-eabi/lib/thumb/v7e-m+dp/hard\libm.a
LOAD c:/st/stm32cubeide_1.7.0/stm32cubeide/plugins/com.st.stm32cube.ide.mcu.externaltools.gnu-tools-for-stm32.9-2020-q2-update.win32_2.0.0.202105311346/tools/bin/../lib/gcc/arm-none-eabi/9.3.1/thumb/v7e-m+dp/hard\libgcc.a

.debug_info     0x0000000000000000    0x12b17
 .debug_info    0x0000000000000000     0x156e ./Core/Src/main.o
 .debug_info    0x000000000000156e      0x3be ./Core/Src/stm32f7xx_hal_msp.o
 .debug_info    0x000000000000192c      0xd9f ./Core/Src/stm32f7xx_hal_timebase_tim.o
 .debug_info    0x00000000000026cb      0x832 ./Core/Src/stm32f7xx_it.o
 .debug_info    0x0000000000002efd      0xfed ./Core/Src/syscalls.o
 .debug_info    0x0000000000003eea      0x7ad ./Core/Src/system_stm32f7xx.o
 .debug_info    0x0000000000004697       0x22 ./Core/Startup/startup_stm32f767zitx.o
 .debug_info    0x00000000000046b9      0xab8 ./Drivers/STM32F7xx_HAL_Driver/Src/stm32f7xx_hal.o
 .debug_info    0x0000000000005171     0x1158 ./Drivers/STM32F7xx_HAL_Driver/Src/stm32f7xx_hal_cortex.o
 .debug_info    0x00000000000062c9      0xa28 ./Drivers/STM32F7xx_HAL_Driver/Src/stm32f7xx_hal_rcc.o
 .debug_info    0x0000000000006cf1     0x2bc9 ./Drivers/STM32F7xx_HAL_Driver/Src/stm32f7xx_hal_tim.o
 .debug_info    0x00000000000098ba     0x1703 ./Drivers/STM32F7xx_HAL_Driver/Src/stm32f7xx_hal_tim_ex.o
 .debug_info    0x000000000000afbd      0xc67 ./ThirdParty/FreeRTOS/list.o
 .debug_info    0x000000000000bc24     0x1e1a ./ThirdParty/FreeRTOS/queue.o
 .debug_info    0x000000000000da3e     0x2959 ./ThirdParty/FreeRTOS/tasks.o
 .debug_info    0x0000000000010397     0x15fa ./ThirdParty/FreeRTOS/timers.o
 .debug_info    0x0000000000011991      0x3d5 ./ThirdParty/FreeRTOS/portable/GCC/ARM_CM7/r0p1/port.o
 .debug_info    0x0000000000011d66      0xdb1 ./ThirdParty/FreeRTOS/portable/MemMang/heap_4.o

.debug_abbrev   0x0000000000000000     0x2826
 .debug_abbrev  0x0000000000000000      0x287 ./Core/Src/main.o
 .debug_abbrev  0x0000000000000287      0x11d ./Core/Src/stm32f7xx_hal_msp.o
 .debug_abbrev  0x00000000000003a4      0x1bf ./Core/Src/stm32f7xx_hal_timebase_tim.o
 .debug_abbrev  0x0000000000000563      0x176 ./Core/Src/stm32f7xx_it.o
 .debug_abbrev  0x00000000000006d9      0x2a0 ./Core/Src/syscalls.o
 .debug_abbrev  0x0000000000000979      0x165 ./Core/Src/system_stm32f7xx.o
 .debug_abbrev  0x0000000000000ade       0x12 ./Core/Startup/startup_stm32f767zitx.o
 .debug_abbrev  0x0000000000000af0      0x1ed ./Drivers/STM32F7xx_HAL_Driver/Src/stm32f7xx_hal.o
 .debug_abbrev  0x0000000000000cdd      0x33c ./Drivers/STM32F7xx_HAL_Driver/Src/stm32f7xx_hal_cortex.o
 .debug_abbrev  0x0000000000001019      0x29c ./Drivers/STM32F7xx_HAL_Driver/Src/stm32f7xx_hal_rcc.o
 .debug_abbrev  0x00000000000012b5      0x25e ./Drivers/STM32F7xx_HAL_Driver/Src/stm32f7xx_hal_tim.o
 .debug_abbrev  0x0000000000001513      0x266 ./Drivers/STM32F7xx_HAL_Driver/Src/stm32f7xx_hal_tim_ex.o
 .debug_abbrev  0x0000000000001779      0x213 ./ThirdParty/FreeRTOS/list.o
 .debug_abbrev  0x000000000000198c      0x33c ./ThirdParty/FreeRTOS/queue.o
 .debug_abbrev  0x0000000000001cc8      0x39a ./ThirdParty/FreeRTOS/tasks.o
 .debug_abbrev  0x0000000000002062      0x2ef ./ThirdParty/FreeRTOS/timers.o
 .debug_abbrev  0x0000000000002351      0x241 ./ThirdParty/FreeRTOS/portable/GCC/ARM_CM7/r0p1/port.o
 .debug_abbrev  0x0000000000002592      0x294 ./ThirdParty/FreeRTOS/portable/MemMang/heap_4.o

.debug_aranges  0x0000000000000000      0xf60
 .debug_aranges
                0x0000000000000000       0x48 ./Core/Src/main.o
 .debug_aranges
                0x0000000000000048       0x20 ./Core/Src/stm32f7xx_hal_msp.o
 .debug_aranges
                0x0000000000000068       0x30 ./Core/Src/stm32f7xx_hal_timebase_tim.o
 .debug_aranges
                0x0000000000000098       0x50 ./Core/Src/stm32f7xx_it.o
 .debug_aranges
                0x00000000000000e8       0xb0 ./Core/Src/syscalls.o
 .debug_aranges
                0x0000000000000198       0x28 ./Core/Src/system_stm32f7xx.o
 .debug_aranges
                0x00000000000001c0       0x28 ./Core/Startup/startup_stm32f767zitx.o
 .debug_aranges
                0x00000000000001e8      0x110 ./Drivers/STM32F7xx_HAL_Driver/Src/stm32f7xx_hal.o
 .debug_aranges
                0x00000000000002f8      0x118 ./Drivers/STM32F7xx_HAL_Driver/Src/stm32f7xx_hal_cortex.o
 .debug_aranges
                0x0000000000000410       0x88 ./Drivers/STM32F7xx_HAL_Driver/Src/stm32f7xx_hal_rcc.o
 .debug_aranges
                0x0000000000000498      0x3e0 ./Drivers/STM32F7xx_HAL_Driver/Src/stm32f7xx_hal_tim.o
 .debug_aranges
                0x0000000000000878      0x180 ./Drivers/STM32F7xx_HAL_Driver/Src/stm32f7xx_hal_tim_ex.o
 .debug_aranges
                0x00000000000009f8       0x40 ./ThirdParty/FreeRTOS/list.o
 .debug_aranges
                0x0000000000000a38      0x160 ./ThirdParty/FreeRTOS/queue.o
 .debug_aranges
                0x0000000000000b98      0x208 ./ThirdParty/FreeRTOS/tasks.o
 .debug_aranges
                0x0000000000000da0       0xf0 ./ThirdParty/FreeRTOS/timers.o
 .debug_aranges
                0x0000000000000e90       0x78 ./ThirdParty/FreeRTOS/portable/GCC/ARM_CM7/r0p1/port.o
 .debug_aranges
                0x0000000000000f08       0x58 ./ThirdParty/FreeRTOS/portable/MemMang/heap_4.o

.debug_ranges   0x0000000000000000      0xe48
 .debug_ranges  0x0000000000000000       0x38 ./Core/Src/main.o
 .debug_ranges  0x0000000000000038       0x10 ./Core/Src/stm32f7xx_hal_msp.o
 .debug_ranges  0x0000000000000048       0x20 ./Core/Src/stm32f7xx_hal_timebase_tim.o
 .debug_ranges  0x0000000000000068       0x40 ./Core/Src/stm32f7xx_it.o
 .debug_ranges  0x00000000000000a8       0xa0 ./Core/Src/syscalls.o
 .debug_ranges  0x0000000000000148       0x18 ./Core/Src/system_stm32f7xx.o
 .debug_ranges  0x0000000000000160       0x20 ./Core/Startup/startup_stm32f767zitx.o
 .debug_ranges  0x0000000000000180      0x100 ./Drivers/STM32F7xx_HAL_Driver/Src/stm32f7xx_hal.o
 .debug_ranges  0x0000000000000280      0x108 ./Drivers/STM32F7xx_HAL_Driver/Src/stm32f7xx_hal_cortex.o
 .debug_ranges  0x0000000000000388       0x78 ./Drivers/STM32F7xx_HAL_Driver/Src/stm32f7xx_hal_rcc.o
 .debug_ranges  0x0000000000000400      0x3d0 ./Drivers/STM32F7xx_HAL_Driver/Src/stm32f7xx_hal_tim.o
 .debug_ranges  0x00000000000007d0      0x170 ./Drivers/STM32F7xx_HAL_Driver/Src/stm32f7xx_hal_tim_ex.o
 .debug_ranges  0x0000000000000940       0x30 ./ThirdParty/FreeRTOS/list.o
 .debug_ranges  0x0000000000000970      0x150 ./ThirdParty/FreeRTOS/queue.o
 .debug_ranges  0x0000000000000ac0      0x1f8 ./ThirdParty/FreeRTOS/tasks.o
 .debug_ranges  0x0000000000000cb8       0xe0 ./ThirdParty/FreeRTOS/timers.o
 .debug_ranges  0x0000000000000d98       0x68 ./ThirdParty/FreeRTOS/portable/GCC/ARM_CM7/r0p1/port.o
 .debug_ranges  0x0000000000000e00       0x48 ./ThirdParty/FreeRTOS/portable/MemMang/heap_4.o

.debug_macro    0x0000000000000000    0x29a3a
 .debug_macro   0x0000000000000000      0x3a5 ./Core/Src/main.o
 .debug_macro   0x00000000000003a5      0xac0 ./Core/Src/main.o
 .debug_macro   0x0000000000000e65      0x28d ./Core/Src/main.o
 .debug_macro   0x00000000000010f2       0x2e ./Core/Src/main.o
 .debug_macro   0x0000000000001120       0x3b ./Core/Src/main.o
 .debug_macro   0x000000000000115b       0x22 ./Core/Src/main.o
 .debug_macro   0x000000000000117d       0x8e ./Core/Src/main.o
 .debug_macro   0x000000000000120b       0x51 ./Core/Src/main.o
 .debug_macro   0x000000000000125c      0x103 ./Core/Src/main.o
 .debug_macro   0x000000000000135f       0x6a ./Core/Src/main.o
 .debug_macro   0x00000000000013c9      0x1df ./Core/Src/main.o
 .debug_macro   0x00000000000015a8       0x1c ./Core/Src/main.o
 .debug_macro   0x00000000000015c4       0x22 ./Core/Src/main.o
 .debug_macro   0x00000000000015e6       0xdf ./Core/Src/main.o
 .debug_macro   0x00000000000016c5     0x12cd ./Core/Src/main.o
 .debug_macro   0x0000000000002992      0x11f ./Core/Src/main.o
 .debug_macro   0x0000000000002ab1       0x19 ./Core/Src/main.o
 .debug_macro   0x0000000000002aca    0x1a9cf ./Core/Src/main.o
 .debug_macro   0x000000000001d499       0x43 ./Core/Src/main.o
 .debug_macro   0x000000000001d4dc     0x36c9 ./Core/Src/main.o
 .debug_macro   0x0000000000020ba5      0x174 ./Core/Src/main.o
 .debug_macro   0x0000000000020d19       0x63 ./Core/Src/main.o
 .debug_macro   0x0000000000020d7c     0x1add ./Core/Src/main.o
 .debug_macro   0x0000000000022859      0x6c4 ./Core/Src/main.o
 .debug_macro   0x0000000000022f1d      0x18b ./Core/Src/main.o
 .debug_macro   0x00000000000230a8      0x117 ./Core/Src/main.o
 .debug_macro   0x00000000000231bf      0x26f ./Core/Src/main.o
 .debug_macro   0x000000000002342e       0x27 ./Core/Src/main.o
 .debug_macro   0x0000000000023455      0x24f ./Core/Src/main.o
 .debug_macro   0x00000000000236a4       0x71 ./Core/Src/main.o
 .debug_macro   0x0000000000023715       0x58 ./Core/Src/main.o
 .debug_macro   0x000000000002376d      0x236 ./Core/Src/main.o
 .debug_macro   0x00000000000239a3      0x14f ./Core/Src/main.o
 .debug_macro   0x0000000000023af2      0x3dc ./Core/Src/main.o
 .debug_macro   0x0000000000023ece       0x12 ./Core/Src/main.o
 .debug_macro   0x0000000000023ee0      0x22c ./Core/Src/main.o
 .debug_macro   0x000000000002410c       0x61 ./Core/Src/main.o
 .debug_macro   0x000000000002416d       0xa5 ./Core/Src/main.o
 .debug_macro   0x0000000000024212      0x12f ./Core/Src/main.o
 .debug_macro   0x0000000000024341      0x108 ./Core/Src/main.o
 .debug_macro   0x0000000000024449       0x35 ./Core/Src/main.o
 .debug_macro   0x000000000002447e      0xa6e ./Core/Src/main.o
 .debug_macro   0x0000000000024eec       0xa9 ./Core/Src/main.o
 .debug_macro   0x0000000000024f95      0x15c ./Core/Src/main.o
 .debug_macro   0x00000000000250f1       0x52 ./Core/Src/main.o
 .debug_macro   0x0000000000025143       0x17 ./Core/Src/main.o
 .debug_macro   0x000000000002515a       0x3c ./Core/Src/main.o
 .debug_macro   0x0000000000025196       0x34 ./Core/Src/main.o
 .debug_macro   0x00000000000251ca       0x16 ./Core/Src/main.o
 .debug_macro   0x00000000000251e0       0x35 ./Core/Src/main.o
 .debug_macro   0x0000000000025215      0x333 ./Core/Src/main.o
 .debug_macro   0x0000000000025548       0x10 ./Core/Src/main.o
 .debug_macro   0x0000000000025558       0x16 ./Core/Src/main.o
 .debug_macro   0x000000000002556e       0x43 ./Core/Src/main.o
 .debug_macro   0x00000000000255b1       0x34 ./Core/Src/main.o
 .debug_macro   0x00000000000255e5       0x10 ./Core/Src/main.o
 .debug_macro   0x00000000000255f5       0x58 ./Core/Src/main.o
 .debug_macro   0x000000000002564d       0x71 ./Core/Src/main.o
 .debug_macro   0x00000000000256be       0x1c ./Core/Src/main.o
 .debug_macro   0x00000000000256da      0x12a ./Core/Src/main.o
 .debug_macro   0x0000000000025804       0x10 ./Core/Src/main.o
 .debug_macro   0x0000000000025814       0x1c ./Core/Src/main.o
 .debug_macro   0x0000000000025830       0x52 ./Core/Src/main.o
 .debug_macro   0x0000000000025882       0x22 ./Core/Src/main.o
 .debug_macro   0x00000000000258a4       0x10 ./Core/Src/main.o
 .debug_macro   0x00000000000258b4       0x40 ./Core/Src/main.o
 .debug_macro   0x00000000000258f4       0xd5 ./Core/Src/main.o
 .debug_macro   0x00000000000259c9       0x1c ./Core/Src/main.o
 .debug_macro   0x00000000000259e5       0x3d ./Core/Src/main.o
 .debug_macro   0x0000000000025a22       0x16 ./Core/Src/main.o
 .debug_macro   0x0000000000025a38      0x145 ./Core/Src/main.o
 .debug_macro   0x0000000000025b7d      0x127 ./Core/Src/main.o
 .debug_macro   0x0000000000025ca4      0x15a ./Core/Src/main.o
 .debug_macro   0x0000000000025dfe       0xdd ./Core/Src/main.o
 .debug_macro   0x0000000000025edb       0x28 ./Core/Src/main.o
 .debug_macro   0x0000000000025f03       0x1f ./Core/Src/main.o
 .debug_macro   0x0000000000025f22       0x12 ./Core/Src/main.o
 .debug_macro   0x0000000000025f34      0x4ef ./Core/Src/main.o
 .debug_macro   0x0000000000026423       0xc3 ./Core/Src/main.o
 .debug_macro   0x00000000000264e6      0x120 ./Core/Src/main.o
 .debug_macro   0x0000000000026606      0x1d9 ./Core/Src/stm32f7xx_hal_msp.o
 .debug_macro   0x00000000000267df      0x1cf ./Core/Src/stm32f7xx_hal_timebase_tim.o
 .debug_macro   0x00000000000269ae      0x1e3 ./Core/Src/stm32f7xx_it.o
 .debug_macro   0x0000000000026b91      0x25e ./Core/Src/syscalls.o
 .debug_macro   0x0000000000026def       0x4c ./Core/Src/syscalls.o
 .debug_macro   0x0000000000026e3b       0x94 ./Core/Src/syscalls.o
 .debug_macro   0x0000000000026ecf       0x57 ./Core/Src/syscalls.o
 .debug_macro   0x0000000000026f26      0x339 ./Core/Src/syscalls.o
 .debug_macro   0x000000000002725f       0x10 ./Core/Src/syscalls.o
 .debug_macro   0x000000000002726f       0x10 ./Core/Src/syscalls.o
 .debug_macro   0x000000000002727f       0x10 ./Core/Src/syscalls.o
 .debug_macro   0x000000000002728f       0x35 ./Core/Src/syscalls.o
 .debug_macro   0x00000000000272c4      0x12c ./Core/Src/syscalls.o
 .debug_macro   0x00000000000273f0       0x16 ./Core/Src/syscalls.o
 .debug_macro   0x0000000000027406       0x16 ./Core/Src/syscalls.o
 .debug_macro   0x000000000002741c       0x29 ./Core/Src/syscalls.o
 .debug_macro   0x0000000000027445       0x10 ./Core/Src/syscalls.o
 .debug_macro   0x0000000000027455      0x241 ./Core/Src/syscalls.o
 .debug_macro   0x0000000000027696       0x1c ./Core/Src/syscalls.o
 .debug_macro   0x00000000000276b2       0x10 ./Core/Src/syscalls.o
 .debug_macro   0x00000000000276c2      0x189 ./Core/Src/syscalls.o
 .debug_macro   0x000000000002784b       0x16 ./Core/Src/syscalls.o
 .debug_macro   0x0000000000027861       0xce ./Core/Src/syscalls.o
 .debug_macro   0x000000000002792f      0x1cf ./Core/Src/system_stm32f7xx.o
 .debug_macro   0x0000000000027afe      0x1f3 ./Drivers/STM32F7xx_HAL_Driver/Src/stm32f7xx_hal.o
 .debug_macro   0x0000000000027cf1      0x1cf ./Drivers/STM32F7xx_HAL_Driver/Src/stm32f7xx_hal_cortex.o
 .debug_macro   0x0000000000027ec0      0x1f3 ./Drivers/STM32F7xx_HAL_Driver/Src/stm32f7xx_hal_rcc.o
 .debug_macro   0x00000000000280b3      0x1d0 ./Drivers/STM32F7xx_HAL_Driver/Src/stm32f7xx_hal_tim.o
 .debug_macro   0x0000000000028283      0x1cf ./Drivers/STM32F7xx_HAL_Driver/Src/stm32f7xx_hal_tim_ex.o
 .debug_macro   0x0000000000028452      0x300 ./ThirdParty/FreeRTOS/list.o
 .debug_macro   0x0000000000028752      0x389 ./ThirdParty/FreeRTOS/queue.o
 .debug_macro   0x0000000000028adb       0x16 ./ThirdParty/FreeRTOS/queue.o
 .debug_macro   0x0000000000028af1       0x20 ./ThirdParty/FreeRTOS/queue.o
 .debug_macro   0x0000000000028b11       0x80 ./ThirdParty/FreeRTOS/queue.o
 .debug_macro   0x0000000000028b91      0x4a7 ./ThirdParty/FreeRTOS/tasks.o
 .debug_macro   0x0000000000029038       0x10 ./ThirdParty/FreeRTOS/tasks.o
 .debug_macro   0x0000000000029048      0x34f ./ThirdParty/FreeRTOS/timers.o
 .debug_macro   0x0000000000029397       0x97 ./ThirdParty/FreeRTOS/timers.o